Archive member included to satisfy reference by file (symbol)

../../libopencm3/lib/libopencm3_stm32l0.a(rcc.o)
                              HAL.o (rcc_osc_on)
../../libopencm3/lib/libopencm3_stm32l0.a(timer_common_all.o)
                              HAL.o (timer_set_mode)
../../libopencm3/lib/libopencm3_stm32l0.a(gpio_common_all.o)
                              comm.o (gpio_set)
../../libopencm3/lib/libopencm3_stm32l0.a(gpio_common_f0234.o)
                              HAL.o (gpio_mode_setup)
../../libopencm3/lib/libopencm3_stm32l0.a(rcc_common_all.o)
                              HAL.o (rcc_peripheral_enable_clock)
../../libopencm3/lib/libopencm3_stm32l0.a(exti_common_all.o)
                              HAL.o (exti_set_trigger)
../../libopencm3/lib/libopencm3_stm32l0.a(vector.o)
                              (reset_handler)
../../libopencm3/lib/libopencm3_stm32l0.a(systick.o)
                              HAL.o (systick_set_reload)
../../libopencm3/lib/libopencm3_stm32l0.a(nvic.o)
                              HAL.o (nvic_enable_irq)
../../libopencm3/lib/libopencm3_stm32l0.a(assert.o)
                              ../../libopencm3/lib/libopencm3_stm32l0.a(rcc.o) (cm3_assert_failed)
/usr/lib/gcc/arm-none-eabi/4.9.3/armv6-m/libgcc.a(_thumb1_case_sqi.o)
                              ../../libopencm3/lib/libopencm3_stm32l0.a(timer_common_all.o) (__gnu_thumb1_case_sqi)
/usr/lib/gcc/arm-none-eabi/4.9.3/armv6-m/libgcc.a(_thumb1_case_uqi.o)
                              HAL.o (__gnu_thumb1_case_uqi)
/usr/lib/gcc/arm-none-eabi/4.9.3/armv6-m/libgcc.a(_udivsi3.o)
                              ../../libopencm3/lib/libopencm3_stm32l0.a(systick.o) (__aeabi_uidiv)
/usr/lib/gcc/arm-none-eabi/4.9.3/armv6-m/libgcc.a(_divsi3.o)
                              main.o (__aeabi_idiv)
/usr/lib/gcc/arm-none-eabi/4.9.3/armv6-m/libgcc.a(_dvmd_tls.o)
                              /usr/lib/gcc/arm-none-eabi/4.9.3/armv6-m/libgcc.a(_udivsi3.o) (__aeabi_idiv0)

Discarded input sections

 .text          0x0000000000000000        0x0 comm.o
 .data          0x0000000000000000        0x0 comm.o
 .bss           0x0000000000000000        0x0 comm.o
 .bss.write_count
                0x0000000000000000        0x1 comm.o
 .bss.dendrite_pulses
                0x0000000000000000       0x10 comm.o
 .bss.dendrite_pulse_count
                0x0000000000000000        0x1 comm.o
 .data.nid_i    0x0000000000000000        0x1 comm.o
 .text          0x0000000000000000        0x0 HAL.o
 .data          0x0000000000000000        0x0 HAL.o
 .bss           0x0000000000000000        0x0 HAL.o
 .text.LEDFullWhite
                0x0000000000000000       0x2a HAL.o
 .bss.main_tick_count
                0x0000000000000000        0x4 HAL.o
 .text          0x0000000000000000        0x0 neuron.o
 .data          0x0000000000000000        0x0 neuron.o
 .bss           0x0000000000000000        0x0 neuron.o
 .text.incrementHebbTime
                0x0000000000000000       0x54 neuron.o
 .text          0x0000000000000000        0x0 main.o
 .data          0x0000000000000000        0x0 main.o
 .bss           0x0000000000000000        0x0 main.o
 .group         0x0000000000000000        0x8 ../../libopencm3/lib/libopencm3_stm32l0.a(rcc.o)
 .group         0x0000000000000000        0x8 ../../libopencm3/lib/libopencm3_stm32l0.a(rcc.o)
 .group         0x0000000000000000        0x8 ../../libopencm3/lib/libopencm3_stm32l0.a(rcc.o)
 .group         0x0000000000000000        0x8 ../../libopencm3/lib/libopencm3_stm32l0.a(rcc.o)
 .group         0x0000000000000000        0x8 ../../libopencm3/lib/libopencm3_stm32l0.a(rcc.o)
 .group         0x0000000000000000        0x8 ../../libopencm3/lib/libopencm3_stm32l0.a(rcc.o)
 .group         0x0000000000000000        0x8 ../../libopencm3/lib/libopencm3_stm32l0.a(rcc.o)
 .group         0x0000000000000000        0x8 ../../libopencm3/lib/libopencm3_stm32l0.a(rcc.o)
 .group         0x0000000000000000        0x8 ../../libopencm3/lib/libopencm3_stm32l0.a(rcc.o)
 .group         0x0000000000000000        0x8 ../../libopencm3/lib/libopencm3_stm32l0.a(rcc.o)
 .group         0x0000000000000000        0x8 ../../libopencm3/lib/libopencm3_stm32l0.a(rcc.o)
 .group         0x0000000000000000        0x8 ../../libopencm3/lib/libopencm3_stm32l0.a(rcc.o)
 .text          0x0000000000000000        0x0 ../../libopencm3/lib/libopencm3_stm32l0.a(rcc.o)
 .data          0x0000000000000000        0x0 ../../libopencm3/lib/libopencm3_stm32l0.a(rcc.o)
 .bss           0x0000000000000000        0x0 ../../libopencm3/lib/libopencm3_stm32l0.a(rcc.o)
 .text.rcc_osc_off
                0x0000000000000000       0x5c ../../libopencm3/lib/libopencm3_stm32l0.a(rcc.o)
 .text.rcc_osc_bypass_enable
                0x0000000000000000       0x28 ../../libopencm3/lib/libopencm3_stm32l0.a(rcc.o)
 .text.rcc_osc_bypass_disable
                0x0000000000000000       0x2c ../../libopencm3/lib/libopencm3_stm32l0.a(rcc.o)
 .text.rcc_osc_ready_int_clear
                0x0000000000000000       0x3c ../../libopencm3/lib/libopencm3_stm32l0.a(rcc.o)
 .text.rcc_osc_ready_int_enable
                0x0000000000000000       0x3c ../../libopencm3/lib/libopencm3_stm32l0.a(rcc.o)
 .text.rcc_osc_ready_int_disable
                0x0000000000000000       0x3c ../../libopencm3/lib/libopencm3_stm32l0.a(rcc.o)
 .text.rcc_osc_ready_int_flag
                0x0000000000000000       0x48 ../../libopencm3/lib/libopencm3_stm32l0.a(rcc.o)
 .text.rcc_is_osc_ready
                0x0000000000000000       0x58 ../../libopencm3/lib/libopencm3_stm32l0.a(rcc.o)
 .text.rcc_wait_for_osc_ready
                0x0000000000000000       0x10 ../../libopencm3/lib/libopencm3_stm32l0.a(rcc.o)
 .text.rcc_set_hsi48_source_rc48
                0x0000000000000000       0x14 ../../libopencm3/lib/libopencm3_stm32l0.a(rcc.o)
 .text.rcc_set_hsi48_source_pll
                0x0000000000000000       0x14 ../../libopencm3/lib/libopencm3_stm32l0.a(rcc.o)
 .text.rcc_set_pll_multiplier
                0x0000000000000000       0x18 ../../libopencm3/lib/libopencm3_stm32l0.a(rcc.o)
 .text.rcc_set_pll_divider
                0x0000000000000000       0x18 ../../libopencm3/lib/libopencm3_stm32l0.a(rcc.o)
 .text.rcc_set_ppre1
                0x0000000000000000       0x18 ../../libopencm3/lib/libopencm3_stm32l0.a(rcc.o)
 .text.rcc_set_ppre2
                0x0000000000000000       0x18 ../../libopencm3/lib/libopencm3_stm32l0.a(rcc.o)
 .text.rcc_set_hpre
                0x0000000000000000       0x14 ../../libopencm3/lib/libopencm3_stm32l0.a(rcc.o)
 .group         0x0000000000000000        0x8 ../../libopencm3/lib/libopencm3_stm32l0.a(timer_common_all.o)
 .group         0x0000000000000000        0x8 ../../libopencm3/lib/libopencm3_stm32l0.a(timer_common_all.o)
 .group         0x0000000000000000        0x8 ../../libopencm3/lib/libopencm3_stm32l0.a(timer_common_all.o)
 .group         0x0000000000000000        0x8 ../../libopencm3/lib/libopencm3_stm32l0.a(timer_common_all.o)
 .group         0x0000000000000000        0x8 ../../libopencm3/lib/libopencm3_stm32l0.a(timer_common_all.o)
 .group         0x0000000000000000        0x8 ../../libopencm3/lib/libopencm3_stm32l0.a(timer_common_all.o)
 .group         0x0000000000000000        0x8 ../../libopencm3/lib/libopencm3_stm32l0.a(timer_common_all.o)
 .group         0x0000000000000000        0x8 ../../libopencm3/lib/libopencm3_stm32l0.a(timer_common_all.o)
 .group         0x0000000000000000        0x8 ../../libopencm3/lib/libopencm3_stm32l0.a(timer_common_all.o)
 .group         0x0000000000000000        0x8 ../../libopencm3/lib/libopencm3_stm32l0.a(timer_common_all.o)
 .group         0x0000000000000000        0x8 ../../libopencm3/lib/libopencm3_stm32l0.a(timer_common_all.o)
 .group         0x0000000000000000        0x8 ../../libopencm3/lib/libopencm3_stm32l0.a(timer_common_all.o)
 .group         0x0000000000000000        0x8 ../../libopencm3/lib/libopencm3_stm32l0.a(timer_common_all.o)
 .text          0x0000000000000000        0x0 ../../libopencm3/lib/libopencm3_stm32l0.a(timer_common_all.o)
 .data          0x0000000000000000        0x0 ../../libopencm3/lib/libopencm3_stm32l0.a(timer_common_all.o)
 .bss           0x0000000000000000        0x0 ../../libopencm3/lib/libopencm3_stm32l0.a(timer_common_all.o)
 .text.timer_reset
                0x0000000000000000       0x4c ../../libopencm3/lib/libopencm3_stm32l0.a(timer_common_all.o)
 .text.timer_enable_irq
                0x0000000000000000        0x8 ../../libopencm3/lib/libopencm3_stm32l0.a(timer_common_all.o)
 .text.timer_disable_irq
                0x0000000000000000        0x8 ../../libopencm3/lib/libopencm3_stm32l0.a(timer_common_all.o)
 .text.timer_interrupt_source
                0x0000000000000000       0x16 ../../libopencm3/lib/libopencm3_stm32l0.a(timer_common_all.o)
 .text.timer_get_flag
                0x0000000000000000        0xe ../../libopencm3/lib/libopencm3_stm32l0.a(timer_common_all.o)
 .text.timer_clear_flag
                0x0000000000000000        0x6 ../../libopencm3/lib/libopencm3_stm32l0.a(timer_common_all.o)
 .text.timer_set_clock_division
                0x0000000000000000       0x1c ../../libopencm3/lib/libopencm3_stm32l0.a(timer_common_all.o)
 .text.timer_enable_preload
                0x0000000000000000        0xa ../../libopencm3/lib/libopencm3_stm32l0.a(timer_common_all.o)
 .text.timer_disable_preload
                0x0000000000000000        0xa ../../libopencm3/lib/libopencm3_stm32l0.a(timer_common_all.o)
 .text.timer_set_alignment
                0x0000000000000000       0x12 ../../libopencm3/lib/libopencm3_stm32l0.a(timer_common_all.o)
 .text.timer_direction_up
                0x0000000000000000        0xa ../../libopencm3/lib/libopencm3_stm32l0.a(timer_common_all.o)
 .text.timer_direction_down
                0x0000000000000000        0xa ../../libopencm3/lib/libopencm3_stm32l0.a(timer_common_all.o)
 .text.timer_one_shot_mode
                0x0000000000000000        0xa ../../libopencm3/lib/libopencm3_stm32l0.a(timer_common_all.o)
 .text.timer_continuous_mode
                0x0000000000000000        0xa ../../libopencm3/lib/libopencm3_stm32l0.a(timer_common_all.o)
 .text.timer_update_on_any
                0x0000000000000000        0xa ../../libopencm3/lib/libopencm3_stm32l0.a(timer_common_all.o)
 .text.timer_update_on_overflow
                0x0000000000000000        0xa ../../libopencm3/lib/libopencm3_stm32l0.a(timer_common_all.o)
 .text.timer_enable_update_event
                0x0000000000000000        0xa ../../libopencm3/lib/libopencm3_stm32l0.a(timer_common_all.o)
 .text.timer_disable_update_event
                0x0000000000000000        0xa ../../libopencm3/lib/libopencm3_stm32l0.a(timer_common_all.o)
 .text.timer_disable_counter
                0x0000000000000000        0xa ../../libopencm3/lib/libopencm3_stm32l0.a(timer_common_all.o)
 .text.timer_set_output_idle_state
                0x0000000000000000        0x2 ../../libopencm3/lib/libopencm3_stm32l0.a(timer_common_all.o)
 .text.timer_reset_output_idle_state
                0x0000000000000000        0x2 ../../libopencm3/lib/libopencm3_stm32l0.a(timer_common_all.o)
 .text.timer_set_ti1_ch123_xor
                0x0000000000000000        0xa ../../libopencm3/lib/libopencm3_stm32l0.a(timer_common_all.o)
 .text.timer_set_ti1_ch1
                0x0000000000000000        0xa ../../libopencm3/lib/libopencm3_stm32l0.a(timer_common_all.o)
 .text.timer_set_master_mode
                0x0000000000000000       0x10 ../../libopencm3/lib/libopencm3_stm32l0.a(timer_common_all.o)
 .text.timer_set_dma_on_compare_event
                0x0000000000000000        0xa ../../libopencm3/lib/libopencm3_stm32l0.a(timer_common_all.o)
 .text.timer_set_dma_on_update_event
                0x0000000000000000        0xa ../../libopencm3/lib/libopencm3_stm32l0.a(timer_common_all.o)
 .text.timer_enable_compare_control_update_on_trigger
                0x0000000000000000        0x2 ../../libopencm3/lib/libopencm3_stm32l0.a(timer_common_all.o)
 .text.timer_disable_compare_control_update_on_trigger
                0x0000000000000000        0x2 ../../libopencm3/lib/libopencm3_stm32l0.a(timer_common_all.o)
 .text.timer_enable_preload_complementry_enable_bits
                0x0000000000000000        0x2 ../../libopencm3/lib/libopencm3_stm32l0.a(timer_common_all.o)
 .text.timer_disable_preload_complementry_enable_bits
                0x0000000000000000        0x2 ../../libopencm3/lib/libopencm3_stm32l0.a(timer_common_all.o)
 .text.timer_set_repetition_counter
                0x0000000000000000        0x2 ../../libopencm3/lib/libopencm3_stm32l0.a(timer_common_all.o)
 .text.timer_enable_oc_clear
                0x0000000000000000       0x3a ../../libopencm3/lib/libopencm3_stm32l0.a(timer_common_all.o)
 .text.timer_disable_oc_clear
                0x0000000000000000       0x40 ../../libopencm3/lib/libopencm3_stm32l0.a(timer_common_all.o)
 .text.timer_set_oc_fast_mode
                0x0000000000000000       0x3a ../../libopencm3/lib/libopencm3_stm32l0.a(timer_common_all.o)
 .text.timer_set_oc_slow_mode
                0x0000000000000000       0x40 ../../libopencm3/lib/libopencm3_stm32l0.a(timer_common_all.o)
 .text.timer_enable_oc_preload
                0x0000000000000000       0x3a ../../libopencm3/lib/libopencm3_stm32l0.a(timer_common_all.o)
 .text.timer_disable_oc_preload
                0x0000000000000000       0x40 ../../libopencm3/lib/libopencm3_stm32l0.a(timer_common_all.o)
 .text.timer_set_oc_polarity_high
                0x0000000000000000       0x3c ../../libopencm3/lib/libopencm3_stm32l0.a(timer_common_all.o)
 .text.timer_set_oc_polarity_low
                0x0000000000000000       0x36 ../../libopencm3/lib/libopencm3_stm32l0.a(timer_common_all.o)
 .text.timer_disable_oc_output
                0x0000000000000000       0x3c ../../libopencm3/lib/libopencm3_stm32l0.a(timer_common_all.o)
 .text.timer_set_oc_idle_state_set
                0x0000000000000000        0x2 ../../libopencm3/lib/libopencm3_stm32l0.a(timer_common_all.o)
 .text.timer_set_oc_idle_state_unset
                0x0000000000000000        0x2 ../../libopencm3/lib/libopencm3_stm32l0.a(timer_common_all.o)
 .text.timer_enable_break_main_output
                0x0000000000000000        0x2 ../../libopencm3/lib/libopencm3_stm32l0.a(timer_common_all.o)
 .text.timer_disable_break_main_output
                0x0000000000000000        0x2 ../../libopencm3/lib/libopencm3_stm32l0.a(timer_common_all.o)
 .text.timer_enable_break_automatic_output
                0x0000000000000000        0x2 ../../libopencm3/lib/libopencm3_stm32l0.a(timer_common_all.o)
 .text.timer_disable_break_automatic_output
                0x0000000000000000        0x2 ../../libopencm3/lib/libopencm3_stm32l0.a(timer_common_all.o)
 .text.timer_set_break_polarity_high
                0x0000000000000000        0x2 ../../libopencm3/lib/libopencm3_stm32l0.a(timer_common_all.o)
 .text.timer_set_break_polarity_low
                0x0000000000000000        0x2 ../../libopencm3/lib/libopencm3_stm32l0.a(timer_common_all.o)
 .text.timer_enable_break
                0x0000000000000000        0x2 ../../libopencm3/lib/libopencm3_stm32l0.a(timer_common_all.o)
 .text.timer_disable_break
                0x0000000000000000        0x2 ../../libopencm3/lib/libopencm3_stm32l0.a(timer_common_all.o)
 .text.timer_set_enabled_off_state_in_run_mode
                0x0000000000000000        0x2 ../../libopencm3/lib/libopencm3_stm32l0.a(timer_common_all.o)
 .text.timer_set_disabled_off_state_in_run_mode
                0x0000000000000000        0x2 ../../libopencm3/lib/libopencm3_stm32l0.a(timer_common_all.o)
 .text.timer_set_enabled_off_state_in_idle_mode
                0x0000000000000000        0x2 ../../libopencm3/lib/libopencm3_stm32l0.a(timer_common_all.o)
 .text.timer_set_disabled_off_state_in_idle_mode
                0x0000000000000000        0x2 ../../libopencm3/lib/libopencm3_stm32l0.a(timer_common_all.o)
 .text.timer_set_break_lock
                0x0000000000000000        0x2 ../../libopencm3/lib/libopencm3_stm32l0.a(timer_common_all.o)
 .text.timer_set_deadtime
                0x0000000000000000        0x2 ../../libopencm3/lib/libopencm3_stm32l0.a(timer_common_all.o)
 .text.timer_generate_event
                0x0000000000000000        0x8 ../../libopencm3/lib/libopencm3_stm32l0.a(timer_common_all.o)
 .text.timer_get_counter
                0x0000000000000000        0x4 ../../libopencm3/lib/libopencm3_stm32l0.a(timer_common_all.o)
 .text.timer_set_counter
                0x0000000000000000        0x4 ../../libopencm3/lib/libopencm3_stm32l0.a(timer_common_all.o)
 .text.timer_ic_set_filter
                0x0000000000000000       0x58 ../../libopencm3/lib/libopencm3_stm32l0.a(timer_common_all.o)
 .text.timer_ic_set_prescaler
                0x0000000000000000       0x58 ../../libopencm3/lib/libopencm3_stm32l0.a(timer_common_all.o)
 .text.timer_ic_set_input
                0x0000000000000000       0x68 ../../libopencm3/lib/libopencm3_stm32l0.a(timer_common_all.o)
 .text.timer_ic_enable
                0x0000000000000000       0x12 ../../libopencm3/lib/libopencm3_stm32l0.a(timer_common_all.o)
 .text.timer_ic_disable
                0x0000000000000000        0xe ../../libopencm3/lib/libopencm3_stm32l0.a(timer_common_all.o)
 .text.timer_slave_set_filter
                0x0000000000000000       0x18 ../../libopencm3/lib/libopencm3_stm32l0.a(timer_common_all.o)
 .text.timer_slave_set_prescaler
                0x0000000000000000       0x18 ../../libopencm3/lib/libopencm3_stm32l0.a(timer_common_all.o)
 .text.timer_slave_set_polarity
                0x0000000000000000       0x1c ../../libopencm3/lib/libopencm3_stm32l0.a(timer_common_all.o)
 .text.timer_slave_set_mode
                0x0000000000000000       0x10 ../../libopencm3/lib/libopencm3_stm32l0.a(timer_common_all.o)
 .text.timer_slave_set_trigger
                0x0000000000000000       0x10 ../../libopencm3/lib/libopencm3_stm32l0.a(timer_common_all.o)
 .debug_macro   0x0000000000000000      0x832 ../../libopencm3/lib/libopencm3_stm32l0.a(timer_common_all.o)
 .debug_macro   0x0000000000000000       0x22 ../../libopencm3/lib/libopencm3_stm32l0.a(timer_common_all.o)
 .debug_macro   0x0000000000000000       0x44 ../../libopencm3/lib/libopencm3_stm32l0.a(timer_common_all.o)
 .debug_macro   0x0000000000000000       0xe3 ../../libopencm3/lib/libopencm3_stm32l0.a(timer_common_all.o)
 .debug_macro   0x0000000000000000       0x22 ../../libopencm3/lib/libopencm3_stm32l0.a(timer_common_all.o)
 .debug_macro   0x0000000000000000      0x1df ../../libopencm3/lib/libopencm3_stm32l0.a(timer_common_all.o)
 .debug_macro   0x0000000000000000       0x22 ../../libopencm3/lib/libopencm3_stm32l0.a(timer_common_all.o)
 .debug_macro   0x0000000000000000       0xfa ../../libopencm3/lib/libopencm3_stm32l0.a(timer_common_all.o)
 .debug_macro   0x0000000000000000       0x34 ../../libopencm3/lib/libopencm3_stm32l0.a(timer_common_all.o)
 .debug_macro   0x0000000000000000      0x148 ../../libopencm3/lib/libopencm3_stm32l0.a(timer_common_all.o)
 .debug_macro   0x0000000000000000      0x922 ../../libopencm3/lib/libopencm3_stm32l0.a(timer_common_all.o)
 .group         0x0000000000000000        0x8 ../../libopencm3/lib/libopencm3_stm32l0.a(gpio_common_all.o)
 .group         0x0000000000000000        0x8 ../../libopencm3/lib/libopencm3_stm32l0.a(gpio_common_all.o)
 .group         0x0000000000000000        0x8 ../../libopencm3/lib/libopencm3_stm32l0.a(gpio_common_all.o)
 .group         0x0000000000000000        0x8 ../../libopencm3/lib/libopencm3_stm32l0.a(gpio_common_all.o)
 .group         0x0000000000000000        0x8 ../../libopencm3/lib/libopencm3_stm32l0.a(gpio_common_all.o)
 .group         0x0000000000000000        0x8 ../../libopencm3/lib/libopencm3_stm32l0.a(gpio_common_all.o)
 .group         0x0000000000000000        0x8 ../../libopencm3/lib/libopencm3_stm32l0.a(gpio_common_all.o)
 .group         0x0000000000000000        0x8 ../../libopencm3/lib/libopencm3_stm32l0.a(gpio_common_all.o)
 .group         0x0000000000000000        0x8 ../../libopencm3/lib/libopencm3_stm32l0.a(gpio_common_all.o)
 .group         0x0000000000000000        0x8 ../../libopencm3/lib/libopencm3_stm32l0.a(gpio_common_all.o)
 .group         0x0000000000000000        0x8 ../../libopencm3/lib/libopencm3_stm32l0.a(gpio_common_all.o)
 .group         0x0000000000000000        0x8 ../../libopencm3/lib/libopencm3_stm32l0.a(gpio_common_all.o)
 .group         0x0000000000000000        0x8 ../../libopencm3/lib/libopencm3_stm32l0.a(gpio_common_all.o)
 .group         0x0000000000000000        0x8 ../../libopencm3/lib/libopencm3_stm32l0.a(gpio_common_all.o)
 .text          0x0000000000000000        0x0 ../../libopencm3/lib/libopencm3_stm32l0.a(gpio_common_all.o)
 .data          0x0000000000000000        0x0 ../../libopencm3/lib/libopencm3_stm32l0.a(gpio_common_all.o)
 .bss           0x0000000000000000        0x0 ../../libopencm3/lib/libopencm3_stm32l0.a(gpio_common_all.o)
 .text.gpio_toggle
                0x0000000000000000       0x10 ../../libopencm3/lib/libopencm3_stm32l0.a(gpio_common_all.o)
 .text.gpio_port_read
                0x0000000000000000        0x6 ../../libopencm3/lib/libopencm3_stm32l0.a(gpio_common_all.o)
 .text.gpio_port_write
                0x0000000000000000        0x4 ../../libopencm3/lib/libopencm3_stm32l0.a(gpio_common_all.o)
 .text.gpio_port_config_lock
                0x0000000000000000       0x12 ../../libopencm3/lib/libopencm3_stm32l0.a(gpio_common_all.o)
 .debug_macro   0x0000000000000000      0x832 ../../libopencm3/lib/libopencm3_stm32l0.a(gpio_common_all.o)
 .debug_macro   0x0000000000000000       0x22 ../../libopencm3/lib/libopencm3_stm32l0.a(gpio_common_all.o)
 .debug_macro   0x0000000000000000       0x44 ../../libopencm3/lib/libopencm3_stm32l0.a(gpio_common_all.o)
 .debug_macro   0x0000000000000000       0xe3 ../../libopencm3/lib/libopencm3_stm32l0.a(gpio_common_all.o)
 .debug_macro   0x0000000000000000       0x22 ../../libopencm3/lib/libopencm3_stm32l0.a(gpio_common_all.o)
 .debug_macro   0x0000000000000000      0x1df ../../libopencm3/lib/libopencm3_stm32l0.a(gpio_common_all.o)
 .debug_macro   0x0000000000000000       0x22 ../../libopencm3/lib/libopencm3_stm32l0.a(gpio_common_all.o)
 .debug_macro   0x0000000000000000       0xfa ../../libopencm3/lib/libopencm3_stm32l0.a(gpio_common_all.o)
 .debug_macro   0x0000000000000000       0x34 ../../libopencm3/lib/libopencm3_stm32l0.a(gpio_common_all.o)
 .debug_macro   0x0000000000000000      0x148 ../../libopencm3/lib/libopencm3_stm32l0.a(gpio_common_all.o)
 .group         0x0000000000000000        0x8 ../../libopencm3/lib/libopencm3_stm32l0.a(gpio_common_f0234.o)
 .group         0x0000000000000000        0x8 ../../libopencm3/lib/libopencm3_stm32l0.a(gpio_common_f0234.o)
 .group         0x0000000000000000        0x8 ../../libopencm3/lib/libopencm3_stm32l0.a(gpio_common_f0234.o)
 .group         0x0000000000000000        0x8 ../../libopencm3/lib/libopencm3_stm32l0.a(gpio_common_f0234.o)
 .group         0x0000000000000000        0x8 ../../libopencm3/lib/libopencm3_stm32l0.a(gpio_common_f0234.o)
 .group         0x0000000000000000        0x8 ../../libopencm3/lib/libopencm3_stm32l0.a(gpio_common_f0234.o)
 .group         0x0000000000000000        0x8 ../../libopencm3/lib/libopencm3_stm32l0.a(gpio_common_f0234.o)
 .group         0x0000000000000000        0x8 ../../libopencm3/lib/libopencm3_stm32l0.a(gpio_common_f0234.o)
 .group         0x0000000000000000        0x8 ../../libopencm3/lib/libopencm3_stm32l0.a(gpio_common_f0234.o)
 .group         0x0000000000000000        0x8 ../../libopencm3/lib/libopencm3_stm32l0.a(gpio_common_f0234.o)
 .group         0x0000000000000000        0x8 ../../libopencm3/lib/libopencm3_stm32l0.a(gpio_common_f0234.o)
 .group         0x0000000000000000        0x8 ../../libopencm3/lib/libopencm3_stm32l0.a(gpio_common_f0234.o)
 .group         0x0000000000000000        0x8 ../../libopencm3/lib/libopencm3_stm32l0.a(gpio_common_f0234.o)
 .group         0x0000000000000000        0x8 ../../libopencm3/lib/libopencm3_stm32l0.a(gpio_common_f0234.o)
 .text          0x0000000000000000        0x0 ../../libopencm3/lib/libopencm3_stm32l0.a(gpio_common_f0234.o)
 .data          0x0000000000000000        0x0 ../../libopencm3/lib/libopencm3_stm32l0.a(gpio_common_f0234.o)
 .bss           0x0000000000000000        0x0 ../../libopencm3/lib/libopencm3_stm32l0.a(gpio_common_f0234.o)
 .debug_macro   0x0000000000000000      0x832 ../../libopencm3/lib/libopencm3_stm32l0.a(gpio_common_f0234.o)
 .debug_macro   0x0000000000000000       0x22 ../../libopencm3/lib/libopencm3_stm32l0.a(gpio_common_f0234.o)
 .debug_macro   0x0000000000000000       0x44 ../../libopencm3/lib/libopencm3_stm32l0.a(gpio_common_f0234.o)
 .debug_macro   0x0000000000000000       0xe3 ../../libopencm3/lib/libopencm3_stm32l0.a(gpio_common_f0234.o)
 .debug_macro   0x0000000000000000       0x22 ../../libopencm3/lib/libopencm3_stm32l0.a(gpio_common_f0234.o)
 .debug_macro   0x0000000000000000      0x1df ../../libopencm3/lib/libopencm3_stm32l0.a(gpio_common_f0234.o)
 .debug_macro   0x0000000000000000       0x22 ../../libopencm3/lib/libopencm3_stm32l0.a(gpio_common_f0234.o)
 .debug_macro   0x0000000000000000       0xfa ../../libopencm3/lib/libopencm3_stm32l0.a(gpio_common_f0234.o)
 .debug_macro   0x0000000000000000       0x34 ../../libopencm3/lib/libopencm3_stm32l0.a(gpio_common_f0234.o)
 .debug_macro   0x0000000000000000      0x148 ../../libopencm3/lib/libopencm3_stm32l0.a(gpio_common_f0234.o)
 .debug_macro   0x0000000000000000       0x76 ../../libopencm3/lib/libopencm3_stm32l0.a(gpio_common_f0234.o)
 .debug_macro   0x0000000000000000      0x2e6 ../../libopencm3/lib/libopencm3_stm32l0.a(gpio_common_f0234.o)
 .debug_macro   0x0000000000000000      0x14e ../../libopencm3/lib/libopencm3_stm32l0.a(gpio_common_f0234.o)
 .debug_macro   0x0000000000000000       0x3a ../../libopencm3/lib/libopencm3_stm32l0.a(gpio_common_f0234.o)
 .group         0x0000000000000000        0x8 ../../libopencm3/lib/libopencm3_stm32l0.a(rcc_common_all.o)
 .group         0x0000000000000000        0x8 ../../libopencm3/lib/libopencm3_stm32l0.a(rcc_common_all.o)
 .group         0x0000000000000000        0x8 ../../libopencm3/lib/libopencm3_stm32l0.a(rcc_common_all.o)
 .group         0x0000000000000000        0x8 ../../libopencm3/lib/libopencm3_stm32l0.a(rcc_common_all.o)
 .group         0x0000000000000000        0x8 ../../libopencm3/lib/libopencm3_stm32l0.a(rcc_common_all.o)
 .group         0x0000000000000000        0x8 ../../libopencm3/lib/libopencm3_stm32l0.a(rcc_common_all.o)
 .group         0x0000000000000000        0x8 ../../libopencm3/lib/libopencm3_stm32l0.a(rcc_common_all.o)
 .group         0x0000000000000000        0x8 ../../libopencm3/lib/libopencm3_stm32l0.a(rcc_common_all.o)
 .group         0x0000000000000000        0x8 ../../libopencm3/lib/libopencm3_stm32l0.a(rcc_common_all.o)
 .group         0x0000000000000000        0x8 ../../libopencm3/lib/libopencm3_stm32l0.a(rcc_common_all.o)
 .group         0x0000000000000000        0x8 ../../libopencm3/lib/libopencm3_stm32l0.a(rcc_common_all.o)
 .text          0x0000000000000000        0x0 ../../libopencm3/lib/libopencm3_stm32l0.a(rcc_common_all.o)
 .data          0x0000000000000000        0x0 ../../libopencm3/lib/libopencm3_stm32l0.a(rcc_common_all.o)
 .bss           0x0000000000000000        0x0 ../../libopencm3/lib/libopencm3_stm32l0.a(rcc_common_all.o)
 .text.rcc_peripheral_disable_clock
                0x0000000000000000        0x8 ../../libopencm3/lib/libopencm3_stm32l0.a(rcc_common_all.o)
 .text.rcc_peripheral_reset
                0x0000000000000000        0x8 ../../libopencm3/lib/libopencm3_stm32l0.a(rcc_common_all.o)
 .text.rcc_peripheral_clear_reset
                0x0000000000000000        0x8 ../../libopencm3/lib/libopencm3_stm32l0.a(rcc_common_all.o)
 .text.rcc_periph_clock_disable
                0x0000000000000000       0x1c ../../libopencm3/lib/libopencm3_stm32l0.a(rcc_common_all.o)
 .text.rcc_periph_reset_pulse
                0x0000000000000000       0x24 ../../libopencm3/lib/libopencm3_stm32l0.a(rcc_common_all.o)
 .text.rcc_periph_reset_hold
                0x0000000000000000       0x20 ../../libopencm3/lib/libopencm3_stm32l0.a(rcc_common_all.o)
 .text.rcc_periph_reset_release
                0x0000000000000000       0x1c ../../libopencm3/lib/libopencm3_stm32l0.a(rcc_common_all.o)
 .text.rcc_set_mco
                0x0000000000000000       0x18 ../../libopencm3/lib/libopencm3_stm32l0.a(rcc_common_all.o)
 .debug_macro   0x0000000000000000      0x832 ../../libopencm3/lib/libopencm3_stm32l0.a(rcc_common_all.o)
 .debug_macro   0x0000000000000000       0x22 ../../libopencm3/lib/libopencm3_stm32l0.a(rcc_common_all.o)
 .debug_macro   0x0000000000000000       0x44 ../../libopencm3/lib/libopencm3_stm32l0.a(rcc_common_all.o)
 .debug_macro   0x0000000000000000       0xe3 ../../libopencm3/lib/libopencm3_stm32l0.a(rcc_common_all.o)
 .debug_macro   0x0000000000000000       0x22 ../../libopencm3/lib/libopencm3_stm32l0.a(rcc_common_all.o)
 .debug_macro   0x0000000000000000      0x1df ../../libopencm3/lib/libopencm3_stm32l0.a(rcc_common_all.o)
 .debug_macro   0x0000000000000000       0x22 ../../libopencm3/lib/libopencm3_stm32l0.a(rcc_common_all.o)
 .debug_macro   0x0000000000000000       0xfa ../../libopencm3/lib/libopencm3_stm32l0.a(rcc_common_all.o)
 .debug_macro   0x0000000000000000       0x34 ../../libopencm3/lib/libopencm3_stm32l0.a(rcc_common_all.o)
 .debug_macro   0x0000000000000000      0x148 ../../libopencm3/lib/libopencm3_stm32l0.a(rcc_common_all.o)
 .debug_macro   0x0000000000000000      0x922 ../../libopencm3/lib/libopencm3_stm32l0.a(rcc_common_all.o)
 .group         0x0000000000000000        0x8 ../../libopencm3/lib/libopencm3_stm32l0.a(exti_common_all.o)
 .group         0x0000000000000000        0x8 ../../libopencm3/lib/libopencm3_stm32l0.a(exti_common_all.o)
 .group         0x0000000000000000        0x8 ../../libopencm3/lib/libopencm3_stm32l0.a(exti_common_all.o)
 .group         0x0000000000000000        0x8 ../../libopencm3/lib/libopencm3_stm32l0.a(exti_common_all.o)
 .group         0x0000000000000000        0x8 ../../libopencm3/lib/libopencm3_stm32l0.a(exti_common_all.o)
 .group         0x0000000000000000        0x8 ../../libopencm3/lib/libopencm3_stm32l0.a(exti_common_all.o)
 .group         0x0000000000000000        0x8 ../../libopencm3/lib/libopencm3_stm32l0.a(exti_common_all.o)
 .group         0x0000000000000000        0x8 ../../libopencm3/lib/libopencm3_stm32l0.a(exti_common_all.o)
 .group         0x0000000000000000        0x8 ../../libopencm3/lib/libopencm3_stm32l0.a(exti_common_all.o)
 .group         0x0000000000000000        0x8 ../../libopencm3/lib/libopencm3_stm32l0.a(exti_common_all.o)
 .group         0x0000000000000000        0x8 ../../libopencm3/lib/libopencm3_stm32l0.a(exti_common_all.o)
 .group         0x0000000000000000        0x8 ../../libopencm3/lib/libopencm3_stm32l0.a(exti_common_all.o)
 .group         0x0000000000000000        0x8 ../../libopencm3/lib/libopencm3_stm32l0.a(exti_common_all.o)
 .group         0x0000000000000000        0x8 ../../libopencm3/lib/libopencm3_stm32l0.a(exti_common_all.o)
 .group         0x0000000000000000        0x8 ../../libopencm3/lib/libopencm3_stm32l0.a(exti_common_all.o)
 .group         0x0000000000000000        0x8 ../../libopencm3/lib/libopencm3_stm32l0.a(exti_common_all.o)
 .text          0x0000000000000000        0x0 ../../libopencm3/lib/libopencm3_stm32l0.a(exti_common_all.o)
 .data          0x0000000000000000        0x0 ../../libopencm3/lib/libopencm3_stm32l0.a(exti_common_all.o)
 .bss           0x0000000000000000        0x0 ../../libopencm3/lib/libopencm3_stm32l0.a(exti_common_all.o)
 .text.exti_disable_request
                0x0000000000000000       0x1c ../../libopencm3/lib/libopencm3_stm32l0.a(exti_common_all.o)
 .text.exti_get_flag_status
                0x0000000000000000        0xc ../../libopencm3/lib/libopencm3_stm32l0.a(exti_common_all.o)
 .debug_macro   0x0000000000000000      0x832 ../../libopencm3/lib/libopencm3_stm32l0.a(exti_common_all.o)
 .debug_macro   0x0000000000000000       0x22 ../../libopencm3/lib/libopencm3_stm32l0.a(exti_common_all.o)
 .debug_macro   0x0000000000000000       0x44 ../../libopencm3/lib/libopencm3_stm32l0.a(exti_common_all.o)
 .debug_macro   0x0000000000000000       0xe3 ../../libopencm3/lib/libopencm3_stm32l0.a(exti_common_all.o)
 .debug_macro   0x0000000000000000       0x22 ../../libopencm3/lib/libopencm3_stm32l0.a(exti_common_all.o)
 .debug_macro   0x0000000000000000      0x1df ../../libopencm3/lib/libopencm3_stm32l0.a(exti_common_all.o)
 .debug_macro   0x0000000000000000       0x22 ../../libopencm3/lib/libopencm3_stm32l0.a(exti_common_all.o)
 .debug_macro   0x0000000000000000       0xfa ../../libopencm3/lib/libopencm3_stm32l0.a(exti_common_all.o)
 .debug_macro   0x0000000000000000       0x34 ../../libopencm3/lib/libopencm3_stm32l0.a(exti_common_all.o)
 .debug_macro   0x0000000000000000      0x148 ../../libopencm3/lib/libopencm3_stm32l0.a(exti_common_all.o)
 .debug_macro   0x0000000000000000       0x76 ../../libopencm3/lib/libopencm3_stm32l0.a(exti_common_all.o)
 .debug_macro   0x0000000000000000      0x2e6 ../../libopencm3/lib/libopencm3_stm32l0.a(exti_common_all.o)
 .debug_macro   0x0000000000000000      0x14e ../../libopencm3/lib/libopencm3_stm32l0.a(exti_common_all.o)
 .debug_macro   0x0000000000000000       0x3a ../../libopencm3/lib/libopencm3_stm32l0.a(exti_common_all.o)
 .group         0x0000000000000000        0x8 ../../libopencm3/lib/libopencm3_stm32l0.a(vector.o)
 .group         0x0000000000000000        0x8 ../../libopencm3/lib/libopencm3_stm32l0.a(vector.o)
 .group         0x0000000000000000        0x8 ../../libopencm3/lib/libopencm3_stm32l0.a(vector.o)
 .group         0x0000000000000000        0x8 ../../libopencm3/lib/libopencm3_stm32l0.a(vector.o)
 .group         0x0000000000000000        0x8 ../../libopencm3/lib/libopencm3_stm32l0.a(vector.o)
 .group         0x0000000000000000        0x8 ../../libopencm3/lib/libopencm3_stm32l0.a(vector.o)
 .group         0x0000000000000000        0x8 ../../libopencm3/lib/libopencm3_stm32l0.a(vector.o)
 .group         0x0000000000000000        0x8 ../../libopencm3/lib/libopencm3_stm32l0.a(vector.o)
 .group         0x0000000000000000        0x8 ../../libopencm3/lib/libopencm3_stm32l0.a(vector.o)
 .group         0x0000000000000000        0x8 ../../libopencm3/lib/libopencm3_stm32l0.a(vector.o)
 .group         0x0000000000000000        0x8 ../../libopencm3/lib/libopencm3_stm32l0.a(vector.o)
 .group         0x0000000000000000        0x8 ../../libopencm3/lib/libopencm3_stm32l0.a(vector.o)
 .text          0x0000000000000000        0x0 ../../libopencm3/lib/libopencm3_stm32l0.a(vector.o)
 .data          0x0000000000000000        0x0 ../../libopencm3/lib/libopencm3_stm32l0.a(vector.o)
 .bss           0x0000000000000000        0x0 ../../libopencm3/lib/libopencm3_stm32l0.a(vector.o)
 .debug_macro   0x0000000000000000      0x832 ../../libopencm3/lib/libopencm3_stm32l0.a(vector.o)
 .debug_macro   0x0000000000000000       0x34 ../../libopencm3/lib/libopencm3_stm32l0.a(vector.o)
 .debug_macro   0x0000000000000000       0x22 ../../libopencm3/lib/libopencm3_stm32l0.a(vector.o)
 .debug_macro   0x0000000000000000       0x44 ../../libopencm3/lib/libopencm3_stm32l0.a(vector.o)
 .debug_macro   0x0000000000000000       0xe3 ../../libopencm3/lib/libopencm3_stm32l0.a(vector.o)
 .debug_macro   0x0000000000000000       0x22 ../../libopencm3/lib/libopencm3_stm32l0.a(vector.o)
 .debug_macro   0x0000000000000000      0x1df ../../libopencm3/lib/libopencm3_stm32l0.a(vector.o)
 .debug_macro   0x0000000000000000       0x22 ../../libopencm3/lib/libopencm3_stm32l0.a(vector.o)
 .debug_macro   0x0000000000000000       0xfa ../../libopencm3/lib/libopencm3_stm32l0.a(vector.o)
 .group         0x0000000000000000        0x8 ../../libopencm3/lib/libopencm3_stm32l0.a(systick.o)
 .group         0x0000000000000000        0x8 ../../libopencm3/lib/libopencm3_stm32l0.a(systick.o)
 .group         0x0000000000000000        0x8 ../../libopencm3/lib/libopencm3_stm32l0.a(systick.o)
 .group         0x0000000000000000        0x8 ../../libopencm3/lib/libopencm3_stm32l0.a(systick.o)
 .group         0x0000000000000000        0x8 ../../libopencm3/lib/libopencm3_stm32l0.a(systick.o)
 .group         0x0000000000000000        0x8 ../../libopencm3/lib/libopencm3_stm32l0.a(systick.o)
 .group         0x0000000000000000        0x8 ../../libopencm3/lib/libopencm3_stm32l0.a(systick.o)
 .group         0x0000000000000000        0x8 ../../libopencm3/lib/libopencm3_stm32l0.a(systick.o)
 .group         0x0000000000000000        0x8 ../../libopencm3/lib/libopencm3_stm32l0.a(systick.o)
 .group         0x0000000000000000        0x8 ../../libopencm3/lib/libopencm3_stm32l0.a(systick.o)
 .text          0x0000000000000000        0x0 ../../libopencm3/lib/libopencm3_stm32l0.a(systick.o)
 .data          0x0000000000000000        0x0 ../../libopencm3/lib/libopencm3_stm32l0.a(systick.o)
 .bss           0x0000000000000000        0x0 ../../libopencm3/lib/libopencm3_stm32l0.a(systick.o)
 .text.systick_get_reload
                0x0000000000000000       0x10 ../../libopencm3/lib/libopencm3_stm32l0.a(systick.o)
 .text.systick_get_value
                0x0000000000000000       0x10 ../../libopencm3/lib/libopencm3_stm32l0.a(systick.o)
 .text.systick_set_frequency
                0x0000000000000000       0x28 ../../libopencm3/lib/libopencm3_stm32l0.a(systick.o)
 .text.systick_interrupt_disable
                0x0000000000000000       0x10 ../../libopencm3/lib/libopencm3_stm32l0.a(systick.o)
 .text.systick_counter_disable
                0x0000000000000000       0x10 ../../libopencm3/lib/libopencm3_stm32l0.a(systick.o)
 .text.systick_get_countflag
                0x0000000000000000       0x10 ../../libopencm3/lib/libopencm3_stm32l0.a(systick.o)
 .text.systick_clear
                0x0000000000000000        0xc ../../libopencm3/lib/libopencm3_stm32l0.a(systick.o)
 .text.systick_get_calib
                0x0000000000000000       0x10 ../../libopencm3/lib/libopencm3_stm32l0.a(systick.o)
 .debug_macro   0x0000000000000000      0x832 ../../libopencm3/lib/libopencm3_stm32l0.a(systick.o)
 .debug_macro   0x0000000000000000       0x34 ../../libopencm3/lib/libopencm3_stm32l0.a(systick.o)
 .debug_macro   0x0000000000000000       0x22 ../../libopencm3/lib/libopencm3_stm32l0.a(systick.o)
 .debug_macro   0x0000000000000000       0x44 ../../libopencm3/lib/libopencm3_stm32l0.a(systick.o)
 .debug_macro   0x0000000000000000       0xe3 ../../libopencm3/lib/libopencm3_stm32l0.a(systick.o)
 .debug_macro   0x0000000000000000       0x22 ../../libopencm3/lib/libopencm3_stm32l0.a(systick.o)
 .debug_macro   0x0000000000000000      0x1df ../../libopencm3/lib/libopencm3_stm32l0.a(systick.o)
 .debug_macro   0x0000000000000000       0x22 ../../libopencm3/lib/libopencm3_stm32l0.a(systick.o)
 .debug_macro   0x0000000000000000       0xfa ../../libopencm3/lib/libopencm3_stm32l0.a(systick.o)
 .group         0x0000000000000000        0x8 ../../libopencm3/lib/libopencm3_stm32l0.a(nvic.o)
 .group         0x0000000000000000        0x8 ../../libopencm3/lib/libopencm3_stm32l0.a(nvic.o)
 .group         0x0000000000000000        0x8 ../../libopencm3/lib/libopencm3_stm32l0.a(nvic.o)
 .group         0x0000000000000000        0x8 ../../libopencm3/lib/libopencm3_stm32l0.a(nvic.o)
 .group         0x0000000000000000        0x8 ../../libopencm3/lib/libopencm3_stm32l0.a(nvic.o)
 .group         0x0000000000000000        0x8 ../../libopencm3/lib/libopencm3_stm32l0.a(nvic.o)
 .group         0x0000000000000000        0x8 ../../libopencm3/lib/libopencm3_stm32l0.a(nvic.o)
 .group         0x0000000000000000        0x8 ../../libopencm3/lib/libopencm3_stm32l0.a(nvic.o)
 .group         0x0000000000000000        0x8 ../../libopencm3/lib/libopencm3_stm32l0.a(nvic.o)
 .group         0x0000000000000000        0x8 ../../libopencm3/lib/libopencm3_stm32l0.a(nvic.o)
 .group         0x0000000000000000        0x8 ../../libopencm3/lib/libopencm3_stm32l0.a(nvic.o)
 .group         0x0000000000000000        0x8 ../../libopencm3/lib/libopencm3_stm32l0.a(nvic.o)
 .text          0x0000000000000000        0x0 ../../libopencm3/lib/libopencm3_stm32l0.a(nvic.o)
 .data          0x0000000000000000        0x0 ../../libopencm3/lib/libopencm3_stm32l0.a(nvic.o)
 .bss           0x0000000000000000        0x0 ../../libopencm3/lib/libopencm3_stm32l0.a(nvic.o)
 .text.nvic_disable_irq
                0x0000000000000000       0x18 ../../libopencm3/lib/libopencm3_stm32l0.a(nvic.o)
 .text.nvic_get_pending_irq
                0x0000000000000000       0x24 ../../libopencm3/lib/libopencm3_stm32l0.a(nvic.o)
 .text.nvic_set_pending_irq
                0x0000000000000000       0x18 ../../libopencm3/lib/libopencm3_stm32l0.a(nvic.o)
 .text.nvic_clear_pending_irq
                0x0000000000000000       0x18 ../../libopencm3/lib/libopencm3_stm32l0.a(nvic.o)
 .text.nvic_get_irq_enabled
                0x0000000000000000       0x24 ../../libopencm3/lib/libopencm3_stm32l0.a(nvic.o)
 .debug_macro   0x0000000000000000      0x832 ../../libopencm3/lib/libopencm3_stm32l0.a(nvic.o)
 .debug_macro   0x0000000000000000       0x22 ../../libopencm3/lib/libopencm3_stm32l0.a(nvic.o)
 .debug_macro   0x0000000000000000       0x44 ../../libopencm3/lib/libopencm3_stm32l0.a(nvic.o)
 .debug_macro   0x0000000000000000       0xe3 ../../libopencm3/lib/libopencm3_stm32l0.a(nvic.o)
 .debug_macro   0x0000000000000000       0x22 ../../libopencm3/lib/libopencm3_stm32l0.a(nvic.o)
 .debug_macro   0x0000000000000000      0x1df ../../libopencm3/lib/libopencm3_stm32l0.a(nvic.o)
 .debug_macro   0x0000000000000000       0x22 ../../libopencm3/lib/libopencm3_stm32l0.a(nvic.o)
 .debug_macro   0x0000000000000000       0xfa ../../libopencm3/lib/libopencm3_stm32l0.a(nvic.o)
 .debug_macro   0x0000000000000000       0x34 ../../libopencm3/lib/libopencm3_stm32l0.a(nvic.o)
 .debug_macro   0x0000000000000000       0xca ../../libopencm3/lib/libopencm3_stm32l0.a(nvic.o)
 .group         0x0000000000000000        0x8 ../../libopencm3/lib/libopencm3_stm32l0.a(assert.o)
 .group         0x0000000000000000        0x8 ../../libopencm3/lib/libopencm3_stm32l0.a(assert.o)
 .group         0x0000000000000000        0x8 ../../libopencm3/lib/libopencm3_stm32l0.a(assert.o)
 .group         0x0000000000000000        0x8 ../../libopencm3/lib/libopencm3_stm32l0.a(assert.o)
 .group         0x0000000000000000        0x8 ../../libopencm3/lib/libopencm3_stm32l0.a(assert.o)
 .group         0x0000000000000000        0x8 ../../libopencm3/lib/libopencm3_stm32l0.a(assert.o)
 .group         0x0000000000000000        0x8 ../../libopencm3/lib/libopencm3_stm32l0.a(assert.o)
 .group         0x0000000000000000        0x8 ../../libopencm3/lib/libopencm3_stm32l0.a(assert.o)
 .group         0x0000000000000000        0x8 ../../libopencm3/lib/libopencm3_stm32l0.a(assert.o)
 .text          0x0000000000000000        0x0 ../../libopencm3/lib/libopencm3_stm32l0.a(assert.o)
 .data          0x0000000000000000        0x0 ../../libopencm3/lib/libopencm3_stm32l0.a(assert.o)
 .bss           0x0000000000000000        0x0 ../../libopencm3/lib/libopencm3_stm32l0.a(assert.o)
 .text.cm3_assert_failed
                0x0000000000000000        0x2 ../../libopencm3/lib/libopencm3_stm32l0.a(assert.o)
 .text.cm3_assert_failed_verbose
                0x0000000000000000        0x6 ../../libopencm3/lib/libopencm3_stm32l0.a(assert.o)
 .debug_info    0x0000000000000000       0xee ../../libopencm3/lib/libopencm3_stm32l0.a(assert.o)
 .debug_abbrev  0x0000000000000000       0x89 ../../libopencm3/lib/libopencm3_stm32l0.a(assert.o)
 .debug_loc     0x0000000000000000       0x84 ../../libopencm3/lib/libopencm3_stm32l0.a(assert.o)
 .debug_aranges
                0x0000000000000000       0x28 ../../libopencm3/lib/libopencm3_stm32l0.a(assert.o)
 .debug_ranges  0x0000000000000000       0x18 ../../libopencm3/lib/libopencm3_stm32l0.a(assert.o)
 .debug_macro   0x0000000000000000       0x7b ../../libopencm3/lib/libopencm3_stm32l0.a(assert.o)
 .debug_macro   0x0000000000000000      0x832 ../../libopencm3/lib/libopencm3_stm32l0.a(assert.o)
 .debug_macro   0x0000000000000000       0x22 ../../libopencm3/lib/libopencm3_stm32l0.a(assert.o)
 .debug_macro   0x0000000000000000       0x44 ../../libopencm3/lib/libopencm3_stm32l0.a(assert.o)
 .debug_macro   0x0000000000000000       0xe3 ../../libopencm3/lib/libopencm3_stm32l0.a(assert.o)
 .debug_macro   0x0000000000000000       0x22 ../../libopencm3/lib/libopencm3_stm32l0.a(assert.o)
 .debug_macro   0x0000000000000000      0x1df ../../libopencm3/lib/libopencm3_stm32l0.a(assert.o)
 .debug_macro   0x0000000000000000       0x22 ../../libopencm3/lib/libopencm3_stm32l0.a(assert.o)
 .debug_macro   0x0000000000000000       0xfa ../../libopencm3/lib/libopencm3_stm32l0.a(assert.o)
 .debug_macro   0x0000000000000000       0x16 ../../libopencm3/lib/libopencm3_stm32l0.a(assert.o)
 .debug_line    0x0000000000000000      0x161 ../../libopencm3/lib/libopencm3_stm32l0.a(assert.o)
 .debug_str     0x0000000000000000     0x3477 ../../libopencm3/lib/libopencm3_stm32l0.a(assert.o)
 .comment       0x0000000000000000       0x39 ../../libopencm3/lib/libopencm3_stm32l0.a(assert.o)
 .debug_frame   0x0000000000000000       0x38 ../../libopencm3/lib/libopencm3_stm32l0.a(assert.o)
 .ARM.attributes
                0x0000000000000000       0x32 ../../libopencm3/lib/libopencm3_stm32l0.a(assert.o)
 .data          0x0000000000000000        0x0 /usr/lib/gcc/arm-none-eabi/4.9.3/armv6-m/libgcc.a(_thumb1_case_sqi.o)
 .bss           0x0000000000000000        0x0 /usr/lib/gcc/arm-none-eabi/4.9.3/armv6-m/libgcc.a(_thumb1_case_sqi.o)
 .data          0x0000000000000000        0x0 /usr/lib/gcc/arm-none-eabi/4.9.3/armv6-m/libgcc.a(_thumb1_case_uqi.o)
 .bss           0x0000000000000000        0x0 /usr/lib/gcc/arm-none-eabi/4.9.3/armv6-m/libgcc.a(_thumb1_case_uqi.o)
 .text          0x0000000000000000      0x120 /usr/lib/gcc/arm-none-eabi/4.9.3/armv6-m/libgcc.a(_udivsi3.o)
 .data          0x0000000000000000        0x0 /usr/lib/gcc/arm-none-eabi/4.9.3/armv6-m/libgcc.a(_udivsi3.o)
 .bss           0x0000000000000000        0x0 /usr/lib/gcc/arm-none-eabi/4.9.3/armv6-m/libgcc.a(_udivsi3.o)
 .debug_frame   0x0000000000000000       0x20 /usr/lib/gcc/arm-none-eabi/4.9.3/armv6-m/libgcc.a(_udivsi3.o)
 .debug_line    0x0000000000000000       0x6c /usr/lib/gcc/arm-none-eabi/4.9.3/armv6-m/libgcc.a(_udivsi3.o)
 .debug_info    0x0000000000000000       0xb9 /usr/lib/gcc/arm-none-eabi/4.9.3/armv6-m/libgcc.a(_udivsi3.o)
 .debug_abbrev  0x0000000000000000       0x14 /usr/lib/gcc/arm-none-eabi/4.9.3/armv6-m/libgcc.a(_udivsi3.o)
 .debug_aranges
                0x0000000000000000       0x20 /usr/lib/gcc/arm-none-eabi/4.9.3/armv6-m/libgcc.a(_udivsi3.o)
 .ARM.attributes
                0x0000000000000000       0x1e /usr/lib/gcc/arm-none-eabi/4.9.3/armv6-m/libgcc.a(_udivsi3.o)
 .data          0x0000000000000000        0x0 /usr/lib/gcc/arm-none-eabi/4.9.3/armv6-m/libgcc.a(_divsi3.o)
 .bss           0x0000000000000000        0x0 /usr/lib/gcc/arm-none-eabi/4.9.3/armv6-m/libgcc.a(_divsi3.o)
 .data          0x0000000000000000        0x0 /usr/lib/gcc/arm-none-eabi/4.9.3/armv6-m/libgcc.a(_dvmd_tls.o)
 .bss           0x0000000000000000        0x0 /usr/lib/gcc/arm-none-eabi/4.9.3/armv6-m/libgcc.a(_dvmd_tls.o)

Memory Configuration

Name             Origin             Length             Attributes
rom              0x0000000008000000 0x0000000000004000 xr
ram              0x0000000020000000 0x0000000000000800 xrw
eep              0x0000000008080000 0x0000000000000000 r
*default*        0x0000000000000000 0xffffffffffffffff

Linker script and memory map

LOAD comm.o
LOAD HAL.o
LOAD neuron.o
LOAD main.o
LOAD ../../libopencm3/lib/libopencm3_stm32l0.a
START GROUP
LOAD /usr/lib/gcc/arm-none-eabi/4.9.3/../../../arm-none-eabi/lib/armv6-m/libc.a
LOAD /usr/lib/gcc/arm-none-eabi/4.9.3/armv6-m/libgcc.a
LOAD /usr/lib/gcc/arm-none-eabi/4.9.3/../../../arm-none-eabi/lib/armv6-m/libnosys.a
END GROUP
START GROUP
LOAD /usr/lib/gcc/arm-none-eabi/4.9.3/armv6-m/libgcc.a
LOAD /usr/lib/gcc/arm-none-eabi/4.9.3/../../../arm-none-eabi/lib/armv6-m/libc.a
END GROUP

.text           0x0000000008000000     0x1b3c
 *(.vectors)
 .vectors       0x0000000008000000       0xc0 ../../libopencm3/lib/libopencm3_stm32l0.a(vector.o)
                0x0000000008000000                vector_table
 *(.text*)
 .text.commInit
                0x00000000080000c0       0x10 comm.o
                0x00000000080000c0                commInit
 .text.addWrite
                0x00000000080000d0       0x48 comm.o
                0x00000000080000d0                addWrite
 .text.readInputs
                0x0000000008000118      0x1b4 comm.o
                0x0000000008000118                readInputs
 .text.writeDownstream
                0x00000000080002cc       0x4c comm.o
                0x00000000080002cc                writeDownstream
 .text.writeAll
                0x0000000008000318       0x60 comm.o
                0x0000000008000318                writeAll
 .text.writeNID
                0x0000000008000378       0x38 comm.o
                0x0000000008000378                writeNID
 .text.write    0x00000000080003b0       0xac comm.o
                0x00000000080003b0                write
 .text.clock_setup
                0x000000000800045c       0x10 HAL.o
                0x000000000800045c                clock_setup
 .text.systick_setup
                0x000000000800046c       0x24 HAL.o
                0x000000000800046c                systick_setup
 .text.setAsInput
                0x0000000008000490       0x2e HAL.o
                0x0000000008000490                setAsInput
 .text.setAsOutput
                0x00000000080004be        0xe HAL.o
                0x00000000080004be                setAsOutput
 .text.gpio_setup
                0x00000000080004cc      0x138 HAL.o
                0x00000000080004cc                gpio_setup
 .text.exti2_3_isr
                0x0000000008000604       0x20 HAL.o
                0x0000000008000604                exti2_3_isr
 .text.exti4_15_isr
                0x0000000008000624       0x20 HAL.o
                0x0000000008000624                exti4_15_isr
 .text.tim_setup
                0x0000000008000644       0x94 HAL.o
                0x0000000008000644                tim_setup
 .text.tim21_isr
                0x00000000080006d8       0x10 HAL.o
                0x00000000080006d8                tim21_isr
 .text.setLED   0x00000000080006e8       0x74 HAL.o
                0x00000000080006e8                setLED
 .text.start_touch
                0x000000000800075c       0x78 HAL.o
                0x000000000800075c                start_touch
 .text.get_touch
                0x00000000080007d4       0x2c HAL.o
                0x00000000080007d4                get_touch
 .text.sys_tick_handler
                0x0000000008000800       0x8c HAL.o
                0x0000000008000800                sys_tick_handler
 .text.get_slider_position
                0x000000000800088c       0x3c HAL.o
                0x000000000800088c                get_slider_position
 .text.neuronInit
                0x00000000080008c8       0x74 neuron.o
                0x00000000080008c8                neuronInit
 .text.dendriteSwitchOff
                0x000000000800093c       0x22 neuron.o
                0x000000000800093c                dendriteSwitchOff
 *fill*         0x000000000800095e        0x2 
 .text.checkDendrites
                0x0000000008000960       0xb8 neuron.o
                0x0000000008000960                checkDendrites
 .text.dendriteDecayStep
                0x0000000008000a18       0x14 neuron.o
                0x0000000008000a18                dendriteDecayStep
 .text.membraneDecayStep
                0x0000000008000a2c       0x14 neuron.o
                0x0000000008000a2c                membraneDecayStep
 .text.calcNeuronPotential
                0x0000000008000a40       0x24 neuron.o
                0x0000000008000a40                calcNeuronPotential
 .text.startup.main
                0x0000000008000a64      0x18c main.o
                0x0000000008000a64                main
 .text.rcc_osc_on
                0x0000000008000bf0       0x54 ../../libopencm3/lib/libopencm3_stm32l0.a(rcc.o)
                0x0000000008000bf0                rcc_osc_on
 .text.rcc_set_sysclk_source
                0x0000000008000c44       0x44 ../../libopencm3/lib/libopencm3_stm32l0.a(rcc.o)
                0x0000000008000c44                rcc_set_sysclk_source
 .text.timer_set_mode
                0x0000000008000c88       0x18 ../../libopencm3/lib/libopencm3_stm32l0.a(timer_common_all.o)
                0x0000000008000c88                timer_set_mode
 .text.timer_enable_counter
                0x0000000008000ca0        0xa ../../libopencm3/lib/libopencm3_stm32l0.a(timer_common_all.o)
                0x0000000008000ca0                timer_enable_counter
 .text.timer_set_prescaler
                0x0000000008000caa        0x4 ../../libopencm3/lib/libopencm3_stm32l0.a(timer_common_all.o)
                0x0000000008000caa                timer_set_prescaler
 .text.timer_set_period
                0x0000000008000cae        0x4 ../../libopencm3/lib/libopencm3_stm32l0.a(timer_common_all.o)
                0x0000000008000cae                timer_set_period
 *fill*         0x0000000008000cb2        0x2 
 .text.timer_set_oc_mode
                0x0000000008000cb4      0x14c ../../libopencm3/lib/libopencm3_stm32l0.a(timer_common_all.o)
                0x0000000008000cb4                timer_set_oc_mode
 .text.timer_enable_oc_output
                0x0000000008000e00       0x36 ../../libopencm3/lib/libopencm3_stm32l0.a(timer_common_all.o)
                0x0000000008000e00                timer_enable_oc_output
 .text.timer_set_oc_value
                0x0000000008000e36       0x26 ../../libopencm3/lib/libopencm3_stm32l0.a(timer_common_all.o)
                0x0000000008000e36                timer_set_oc_value
 .text.gpio_set
                0x0000000008000e5c        0x4 ../../libopencm3/lib/libopencm3_stm32l0.a(gpio_common_all.o)
                0x0000000008000e5c                gpio_set
 .text.gpio_clear
                0x0000000008000e60        0x6 ../../libopencm3/lib/libopencm3_stm32l0.a(gpio_common_all.o)
                0x0000000008000e60                gpio_clear
 .text.gpio_get
                0x0000000008000e66        0x6 ../../libopencm3/lib/libopencm3_stm32l0.a(gpio_common_all.o)
                0x0000000008000e66                gpio_get
 .text.gpio_mode_setup
                0x0000000008000e6c       0x3c ../../libopencm3/lib/libopencm3_stm32l0.a(gpio_common_f0234.o)
                0x0000000008000e6c                gpio_mode_setup
 .text.gpio_set_output_options
                0x0000000008000ea8       0x36 ../../libopencm3/lib/libopencm3_stm32l0.a(gpio_common_f0234.o)
                0x0000000008000ea8                gpio_set_output_options
 .text.gpio_set_af
                0x0000000008000ede       0x4e ../../libopencm3/lib/libopencm3_stm32l0.a(gpio_common_f0234.o)
                0x0000000008000ede                gpio_set_af
 .text.rcc_peripheral_enable_clock
                0x0000000008000f2c        0x8 ../../libopencm3/lib/libopencm3_stm32l0.a(rcc_common_all.o)
                0x0000000008000f2c                rcc_peripheral_enable_clock
 .text.rcc_periph_clock_enable
                0x0000000008000f34       0x20 ../../libopencm3/lib/libopencm3_stm32l0.a(rcc_common_all.o)
                0x0000000008000f34                rcc_periph_clock_enable
 .text.exti_set_trigger
                0x0000000008000f54       0x40 ../../libopencm3/lib/libopencm3_stm32l0.a(exti_common_all.o)
                0x0000000008000f54                exti_set_trigger
 .text.exti_enable_request
                0x0000000008000f94       0x1c ../../libopencm3/lib/libopencm3_stm32l0.a(exti_common_all.o)
                0x0000000008000f94                exti_enable_request
 .text.exti_reset_request
                0x0000000008000fb0        0xc ../../libopencm3/lib/libopencm3_stm32l0.a(exti_common_all.o)
                0x0000000008000fb0                exti_reset_request
 .text.exti_select_source
                0x0000000008000fbc       0x6c ../../libopencm3/lib/libopencm3_stm32l0.a(exti_common_all.o)
                0x0000000008000fbc                exti_select_source
 .text.blocking_handler
                0x0000000008001028        0x2 ../../libopencm3/lib/libopencm3_stm32l0.a(vector.o)
                0x0000000008001028                rtc_isr
                0x0000000008001028                blocking_handler
                0x0000000008001028                tsc_isr
                0x0000000008001028                spi1_isr
                0x0000000008001028                i2c1_isr
                0x0000000008001028                i2c2_isr
                0x0000000008001028                usart1_isr
                0x0000000008001028                reserved4_isr
                0x0000000008001028                reserved5_isr
                0x0000000008001028                lptim1_isr
                0x0000000008001028                pvd_isr
                0x0000000008001028                lpuart1_isr
                0x0000000008001028                rcc_isr
                0x0000000008001028                reserved3_isr
                0x0000000008001028                flash_isr
                0x0000000008001028                hard_fault_handler
                0x0000000008001028                spi2_isr
                0x0000000008001028                usb_isr
                0x0000000008001028                usart2_isr
                0x0000000008001028                adc_comp_isr
                0x0000000008001028                reserved2_isr
                0x0000000008001028                reserved1_isr
                0x0000000008001028                dma1_channel1_isr
                0x0000000008001028                tim6_dac_isr
                0x0000000008001028                lcd_isr
                0x0000000008001028                dma1_channel2_3_isr
                0x0000000008001028                tim22_isr
                0x0000000008001028                wwdg_isr
                0x0000000008001028                tim2_isr
                0x0000000008001028                dma1_channel4_5_isr
                0x0000000008001028                exti0_1_isr
 .text.null_handler
                0x000000000800102a        0x2 ../../libopencm3/lib/libopencm3_stm32l0.a(vector.o)
                0x000000000800102a                null_handler
                0x000000000800102a                sv_call_handler
                0x000000000800102a                pend_sv_handler
                0x000000000800102a                nmi_handler
 .text.reset_handler
                0x000000000800102c       0x8c ../../libopencm3/lib/libopencm3_stm32l0.a(vector.o)
                0x000000000800102c                reset_handler
 .text.systick_set_reload
                0x00000000080010b8       0x10 ../../libopencm3/lib/libopencm3_stm32l0.a(systick.o)
                0x00000000080010b8                systick_set_reload
 .text.systick_set_clocksource
                0x00000000080010c8       0x14 ../../libopencm3/lib/libopencm3_stm32l0.a(systick.o)
                0x00000000080010c8                systick_set_clocksource
 .text.systick_interrupt_enable
                0x00000000080010dc       0x10 ../../libopencm3/lib/libopencm3_stm32l0.a(systick.o)
                0x00000000080010dc                systick_interrupt_enable
 .text.systick_counter_enable
                0x00000000080010ec       0x10 ../../libopencm3/lib/libopencm3_stm32l0.a(systick.o)
                0x00000000080010ec                systick_counter_enable
 .text.nvic_enable_irq
                0x00000000080010fc       0x18 ../../libopencm3/lib/libopencm3_stm32l0.a(nvic.o)
                0x00000000080010fc                nvic_enable_irq
 .text.nvic_set_priority
                0x0000000008001114       0x1c ../../libopencm3/lib/libopencm3_stm32l0.a(nvic.o)
                0x0000000008001114                nvic_set_priority
 .text          0x0000000008001130       0x14 /usr/lib/gcc/arm-none-eabi/4.9.3/armv6-m/libgcc.a(_thumb1_case_sqi.o)
                0x0000000008001130                __gnu_thumb1_case_sqi
 .text          0x0000000008001144       0x14 /usr/lib/gcc/arm-none-eabi/4.9.3/armv6-m/libgcc.a(_thumb1_case_uqi.o)
                0x0000000008001144                __gnu_thumb1_case_uqi
 .text          0x0000000008001158      0x1e0 /usr/lib/gcc/arm-none-eabi/4.9.3/armv6-m/libgcc.a(_divsi3.o)
                0x0000000008001158                __aeabi_idiv
                0x0000000008001158                __divsi3
                0x0000000008001324                __aeabi_idivmod
 .text          0x0000000008001338        0x4 /usr/lib/gcc/arm-none-eabi/4.9.3/armv6-m/libgcc.a(_dvmd_tls.o)
                0x0000000008001338                __aeabi_ldiv0
                0x0000000008001338                __aeabi_idiv0
                0x000000000800133c                . = ALIGN (0x4)
 *(.rodata*)
 .rodata.gamma_lookup
                0x000000000800133c      0x800 HAL.o
                0x0000000008001b3c                . = ALIGN (0x4)

.glue_7         0x0000000008001b3c        0x0
 .glue_7        0x0000000008001b3c        0x0 linker stubs

.glue_7t        0x0000000008001b3c        0x0
 .glue_7t       0x0000000008001b3c        0x0 linker stubs

.vfp11_veneer   0x0000000008001b3c        0x0
 .vfp11_veneer  0x0000000008001b3c        0x0 linker stubs

.v4_bx          0x0000000008001b3c        0x0
 .v4_bx         0x0000000008001b3c        0x0 linker stubs

.iplt           0x0000000008001b3c        0x0
 .iplt          0x0000000008001b3c        0x0 comm.o

.rel.dyn        0x0000000008001b3c        0x0
 .rel.iplt      0x0000000008001b3c        0x0 comm.o

.preinit_array  0x0000000008001b3c        0x0
                0x0000000008001b3c                . = ALIGN (0x4)
                0x0000000008001b3c                __preinit_array_start = .
 *(.preinit_array)
                0x0000000008001b3c                __preinit_array_end = .

.init_array     0x0000000008001b3c        0x0
                0x0000000008001b3c                . = ALIGN (0x4)
                0x0000000008001b3c                __init_array_start = .
 *(SORT(.init_array.*))
 *(.init_array)
                0x0000000008001b3c                __init_array_end = .

.fini_array     0x0000000008001b3c        0x0
                0x0000000008001b3c                . = ALIGN (0x4)
                0x0000000008001b3c                __fini_array_start = .
 *(.fini_array)
 *(SORT(.fini_array.*))
                0x0000000008001b3c                __fini_array_end = .

.ARM.extab
 *(.ARM.extab*)

.ARM.exidx      0x0000000008001b3c        0x0
                0x0000000008001b3c                __exidx_start = .
 *(.ARM.exidx*)
                0x0000000008001b3c                __exidx_end = .
                0x0000000008001b3c                . = ALIGN (0x4)
                0x0000000008001b3c                _etext = .

.data           0x0000000020000000       0x24 load address 0x0000000008001b3c
                0x0000000020000000                _data = .
 *(.data*)
 .data.active_output_ports
                0x0000000020000000        0x8 comm.o
                0x0000000020000000                active_output_ports
 .data.active_output_pins
                0x0000000020000008        0x4 comm.o
                0x0000000020000008                active_output_pins
 .data.identify_time
                0x000000002000000c        0x2 comm.o
                0x000000002000000c                identify_time
 *fill*         0x000000002000000e        0x2 
 .data.nid_keep_alive
                0x0000000020000010        0x4 comm.o
                0x0000000020000010                nid_keep_alive
 .data.active_input_ports
                0x0000000020000014        0x8 comm.o
                0x0000000020000014                active_input_ports
 .data.complimentary_pins
                0x000000002000001c        0x4 comm.o
                0x000000002000001c                complimentary_pins
 .data.input_pins
                0x0000000020000020        0x4 neuron.o
                0x0000000020000020                input_pins
                0x0000000020000024                . = ALIGN (0x4)
                0x0000000020000024                _edata = .
                0x0000000008001b3c                _data_loadaddr = LOADADDR (.data)

.igot.plt       0x0000000020000024        0x0 load address 0x0000000008001b60
 .igot.plt      0x0000000020000024        0x0 comm.o

.bss            0x0000000020000024       0x84 load address 0x0000000008001b60
 *(.bss*)
 .bss.dendrite_ping_flag
                0x0000000020000024        0x2 comm.o
                0x0000000020000024                dendrite_ping_flag
 *fill*         0x0000000020000026        0x2 
 .bss.nid_port  0x0000000020000028        0x4 comm.o
                0x0000000020000028                nid_port
 .bss.nid_ping_time
                0x000000002000002c        0x4 comm.o
                0x000000002000002c                nid_ping_time
 .bss.active_input_pins
                0x0000000020000030        0x4 comm.o
                0x0000000020000030                active_input_pins
 .bss.nid_port_out
                0x0000000020000034        0x4 comm.o
                0x0000000020000034                nid_port_out
 .bss.blink_flag
                0x0000000020000038        0x1 comm.o
                0x0000000020000038                blink_flag
 *fill*         0x0000000020000039        0x3 
 .bss.write_buffer
                0x000000002000003c       0x44 comm.o
                0x000000002000003c                write_buffer
 .bss.dendrite_pulse_flag
                0x0000000020000080        0x2 comm.o
                0x0000000020000080                dendrite_pulse_flag
 .bss.identify_channel
                0x0000000020000082        0x1 comm.o
                0x0000000020000082                identify_channel
 *fill*         0x0000000020000083        0x1 
 .bss.message_buffer
                0x0000000020000084        0x8 comm.o
                0x0000000020000084                message_buffer
 .bss.nid_pin_out
                0x000000002000008c        0x2 comm.o
                0x000000002000008c                nid_pin_out
 .bss.nid_pin   0x000000002000008e        0x2 comm.o
                0x000000002000008e                nid_pin
 .bss.message_buffer_count
                0x0000000020000090        0x2 comm.o
                0x0000000020000090                message_buffer_count
 *fill*         0x0000000020000092        0x2 
 .bss.sensor1_time
                0x0000000020000094        0x4 HAL.o
                0x0000000020000094                sensor1_time
 .bss.tick      0x0000000020000098        0x1 HAL.o
                0x0000000020000098                tick
 *fill*         0x0000000020000099        0x3 
 .bss.sensor0_time
                0x000000002000009c        0x4 HAL.o
                0x000000002000009c                sensor0_time
 .bss.main_tick
                0x00000000200000a0        0x1 HAL.o
                0x00000000200000a0                main_tick
 .bss.touch_tick
                0x00000000200000a1        0x1 HAL.o
                0x00000000200000a1                touch_tick
 *fill*         0x00000000200000a2        0x2 
 .bss.led       0x00000000200000a4        0x4 main.o
                0x00000000200000a4                led
 *(COMMON)
                0x00000000200000a8                . = ALIGN (0x4)
                0x00000000200000a8                _ebss = .

/DISCARD/
 *(.eh_frame)
                0x00000000200000a8                . = ALIGN (0x4)
                0x00000000200000a8                end = .
                0x0000000020000800                PROVIDE (_stack, (ORIGIN (ram) + LENGTH (ram)))
                0x0000000008003e00                _fingerprint_start = 0x8003e00

.fingerprint    0x0000000008003e00        0xc
 *(.fingerprint)
 .fingerprint   0x0000000008003e00        0xc main.o
OUTPUT(main.elf elf32-littlearm)

.debug_info     0x0000000000000000     0x4c4b
 .debug_info    0x0000000000000000      0x6fe comm.o
 .debug_info    0x00000000000006fe     0x1028 HAL.o
 .debug_info    0x0000000000001726      0x53f neuron.o
 .debug_info    0x0000000000001c65      0x5c4 main.o
 .debug_info    0x0000000000002229      0x3d4 ../../libopencm3/lib/libopencm3_stm32l0.a(rcc.o)
 .debug_info    0x00000000000025fd     0x116a ../../libopencm3/lib/libopencm3_stm32l0.a(timer_common_all.o)
 .debug_info    0x0000000000003767      0x22c ../../libopencm3/lib/libopencm3_stm32l0.a(gpio_common_all.o)
 .debug_info    0x0000000000003993      0x1f3 ../../libopencm3/lib/libopencm3_stm32l0.a(gpio_common_f0234.o)
 .debug_info    0x0000000000003b86      0x575 ../../libopencm3/lib/libopencm3_stm32l0.a(rcc_common_all.o)
 .debug_info    0x00000000000040fb      0x204 ../../libopencm3/lib/libopencm3_stm32l0.a(exti_common_all.o)
 .debug_info    0x00000000000042ff      0x2a3 ../../libopencm3/lib/libopencm3_stm32l0.a(vector.o)
 .debug_info    0x00000000000045a2      0x215 ../../libopencm3/lib/libopencm3_stm32l0.a(systick.o)
 .debug_info    0x00000000000047b7      0x1b0 ../../libopencm3/lib/libopencm3_stm32l0.a(nvic.o)
 .debug_info    0x0000000000004967       0xb9 /usr/lib/gcc/arm-none-eabi/4.9.3/armv6-m/libgcc.a(_thumb1_case_sqi.o)
 .debug_info    0x0000000000004a20       0xb9 /usr/lib/gcc/arm-none-eabi/4.9.3/armv6-m/libgcc.a(_thumb1_case_uqi.o)
 .debug_info    0x0000000000004ad9       0xb9 /usr/lib/gcc/arm-none-eabi/4.9.3/armv6-m/libgcc.a(_divsi3.o)
 .debug_info    0x0000000000004b92       0xb9 /usr/lib/gcc/arm-none-eabi/4.9.3/armv6-m/libgcc.a(_dvmd_tls.o)

.debug_abbrev   0x0000000000000000     0x120c
 .debug_abbrev  0x0000000000000000      0x25d comm.o
 .debug_abbrev  0x000000000000025d      0x25a HAL.o
 .debug_abbrev  0x00000000000004b7      0x1db neuron.o
 .debug_abbrev  0x0000000000000692      0x1b1 main.o
 .debug_abbrev  0x0000000000000843      0x18d ../../libopencm3/lib/libopencm3_stm32l0.a(rcc.o)
 .debug_abbrev  0x00000000000009d0      0x168 ../../libopencm3/lib/libopencm3_stm32l0.a(timer_common_all.o)
 .debug_abbrev  0x0000000000000b38      0x10e ../../libopencm3/lib/libopencm3_stm32l0.a(gpio_common_all.o)
 .debug_abbrev  0x0000000000000c46       0xb7 ../../libopencm3/lib/libopencm3_stm32l0.a(gpio_common_f0234.o)
 .debug_abbrev  0x0000000000000cfd       0xd0 ../../libopencm3/lib/libopencm3_stm32l0.a(rcc_common_all.o)
 .debug_abbrev  0x0000000000000dcd       0xe5 ../../libopencm3/lib/libopencm3_stm32l0.a(exti_common_all.o)
 .debug_abbrev  0x0000000000000eb2      0x12b ../../libopencm3/lib/libopencm3_stm32l0.a(vector.o)
 .debug_abbrev  0x0000000000000fdd      0x139 ../../libopencm3/lib/libopencm3_stm32l0.a(systick.o)
 .debug_abbrev  0x0000000000001116       0xa6 ../../libopencm3/lib/libopencm3_stm32l0.a(nvic.o)
 .debug_abbrev  0x00000000000011bc       0x14 /usr/lib/gcc/arm-none-eabi/4.9.3/armv6-m/libgcc.a(_thumb1_case_sqi.o)
 .debug_abbrev  0x00000000000011d0       0x14 /usr/lib/gcc/arm-none-eabi/4.9.3/armv6-m/libgcc.a(_thumb1_case_uqi.o)
 .debug_abbrev  0x00000000000011e4       0x14 /usr/lib/gcc/arm-none-eabi/4.9.3/armv6-m/libgcc.a(_divsi3.o)
 .debug_abbrev  0x00000000000011f8       0x14 /usr/lib/gcc/arm-none-eabi/4.9.3/armv6-m/libgcc.a(_dvmd_tls.o)

.debug_loc      0x0000000000000000     0x1f65
 .debug_loc     0x0000000000000000      0x454 comm.o
 .debug_loc     0x0000000000000454      0x28b HAL.o
 .debug_loc     0x00000000000006df      0x1d5 neuron.o
 .debug_loc     0x00000000000008b4      0x119 main.o
 .debug_loc     0x00000000000009cd      0x278 ../../libopencm3/lib/libopencm3_stm32l0.a(rcc.o)
 .debug_loc     0x0000000000000c45      0xc30 ../../libopencm3/lib/libopencm3_stm32l0.a(timer_common_all.o)
 .debug_loc     0x0000000000001875       0x76 ../../libopencm3/lib/libopencm3_stm32l0.a(gpio_common_all.o)
 .debug_loc     0x00000000000018eb      0x17f ../../libopencm3/lib/libopencm3_stm32l0.a(gpio_common_f0234.o)
 .debug_loc     0x0000000000001a6a      0x108 ../../libopencm3/lib/libopencm3_stm32l0.a(rcc_common_all.o)
 .debug_loc     0x0000000000001b72      0x174 ../../libopencm3/lib/libopencm3_stm32l0.a(exti_common_all.o)
 .debug_loc     0x0000000000001ce6       0xba ../../libopencm3/lib/libopencm3_stm32l0.a(vector.o)
 .debug_loc     0x0000000000001da0       0xc5 ../../libopencm3/lib/libopencm3_stm32l0.a(systick.o)
 .debug_loc     0x0000000000001e65      0x100 ../../libopencm3/lib/libopencm3_stm32l0.a(nvic.o)

.debug_aranges  0x0000000000000000      0x718
 .debug_aranges
                0x0000000000000000       0x50 comm.o
 .debug_aranges
                0x0000000000000050       0x90 HAL.o
 .debug_aranges
                0x00000000000000e0       0x50 neuron.o
 .debug_aranges
                0x0000000000000130       0x20 main.o
 .debug_aranges
                0x0000000000000150       0xa8 ../../libopencm3/lib/libopencm3_stm32l0.a(rcc.o)
 .debug_aranges
                0x00000000000001f8      0x278 ../../libopencm3/lib/libopencm3_stm32l0.a(timer_common_all.o)
 .debug_aranges
                0x0000000000000470       0x50 ../../libopencm3/lib/libopencm3_stm32l0.a(gpio_common_all.o)
 .debug_aranges
                0x00000000000004c0       0x30 ../../libopencm3/lib/libopencm3_stm32l0.a(gpio_common_f0234.o)
 .debug_aranges
                0x00000000000004f0       0x68 ../../libopencm3/lib/libopencm3_stm32l0.a(rcc_common_all.o)
 .debug_aranges
                0x0000000000000558       0x48 ../../libopencm3/lib/libopencm3_stm32l0.a(exti_common_all.o)
 .debug_aranges
                0x00000000000005a0       0x30 ../../libopencm3/lib/libopencm3_stm32l0.a(vector.o)
 .debug_aranges
                0x00000000000005d0       0x78 ../../libopencm3/lib/libopencm3_stm32l0.a(systick.o)
 .debug_aranges
                0x0000000000000648       0x50 ../../libopencm3/lib/libopencm3_stm32l0.a(nvic.o)
 .debug_aranges
                0x0000000000000698       0x20 /usr/lib/gcc/arm-none-eabi/4.9.3/armv6-m/libgcc.a(_thumb1_case_sqi.o)
 .debug_aranges
                0x00000000000006b8       0x20 /usr/lib/gcc/arm-none-eabi/4.9.3/armv6-m/libgcc.a(_thumb1_case_uqi.o)
 .debug_aranges
                0x00000000000006d8       0x20 /usr/lib/gcc/arm-none-eabi/4.9.3/armv6-m/libgcc.a(_divsi3.o)
 .debug_aranges
                0x00000000000006f8       0x20 /usr/lib/gcc/arm-none-eabi/4.9.3/armv6-m/libgcc.a(_dvmd_tls.o)

.debug_ranges   0x0000000000000000      0x620
 .debug_ranges  0x0000000000000000       0x68 comm.o
 .debug_ranges  0x0000000000000068       0x98 HAL.o
 .debug_ranges  0x0000000000000100       0x40 neuron.o
 .debug_ranges  0x0000000000000140       0x10 main.o
 .debug_ranges  0x0000000000000150       0x98 ../../libopencm3/lib/libopencm3_stm32l0.a(rcc.o)
 .debug_ranges  0x00000000000001e8      0x268 ../../libopencm3/lib/libopencm3_stm32l0.a(timer_common_all.o)
 .debug_ranges  0x0000000000000450       0x40 ../../libopencm3/lib/libopencm3_stm32l0.a(gpio_common_all.o)
 .debug_ranges  0x0000000000000490       0x20 ../../libopencm3/lib/libopencm3_stm32l0.a(gpio_common_f0234.o)
 .debug_ranges  0x00000000000004b0       0x58 ../../libopencm3/lib/libopencm3_stm32l0.a(rcc_common_all.o)
 .debug_ranges  0x0000000000000508       0x38 ../../libopencm3/lib/libopencm3_stm32l0.a(exti_common_all.o)
 .debug_ranges  0x0000000000000540       0x20 ../../libopencm3/lib/libopencm3_stm32l0.a(vector.o)
 .debug_ranges  0x0000000000000560       0x80 ../../libopencm3/lib/libopencm3_stm32l0.a(systick.o)
 .debug_ranges  0x00000000000005e0       0x40 ../../libopencm3/lib/libopencm3_stm32l0.a(nvic.o)

.debug_line     0x0000000000000000     0x2894
 .debug_line    0x0000000000000000      0x230 comm.o
 .debug_line    0x0000000000000230      0x368 HAL.o
 .debug_line    0x0000000000000598      0x1b5 neuron.o
 .debug_line    0x000000000000074d       0xf7 main.o
 .debug_line    0x0000000000000844      0x3a2 ../../libopencm3/lib/libopencm3_stm32l0.a(rcc.o)
 .debug_line    0x0000000000000be6      0x8b6 ../../libopencm3/lib/libopencm3_stm32l0.a(timer_common_all.o)
 .debug_line    0x000000000000149c      0x2bb ../../libopencm3/lib/libopencm3_stm32l0.a(gpio_common_all.o)
 .debug_line    0x0000000000001757      0x2a8 ../../libopencm3/lib/libopencm3_stm32l0.a(gpio_common_f0234.o)
 .debug_line    0x00000000000019ff      0x2c7 ../../libopencm3/lib/libopencm3_stm32l0.a(rcc_common_all.o)
 .debug_line    0x0000000000001cc6      0x31a ../../libopencm3/lib/libopencm3_stm32l0.a(exti_common_all.o)
 .debug_line    0x0000000000001fe0      0x292 ../../libopencm3/lib/libopencm3_stm32l0.a(vector.o)
 .debug_line    0x0000000000002272      0x24b ../../libopencm3/lib/libopencm3_stm32l0.a(systick.o)
 .debug_line    0x00000000000024bd      0x23a ../../libopencm3/lib/libopencm3_stm32l0.a(nvic.o)
 .debug_line    0x00000000000026f7       0x66 /usr/lib/gcc/arm-none-eabi/4.9.3/armv6-m/libgcc.a(_thumb1_case_sqi.o)
 .debug_line    0x000000000000275d       0x66 /usr/lib/gcc/arm-none-eabi/4.9.3/armv6-m/libgcc.a(_thumb1_case_uqi.o)
 .debug_line    0x00000000000027c3       0x73 /usr/lib/gcc/arm-none-eabi/4.9.3/armv6-m/libgcc.a(_divsi3.o)
 .debug_line    0x0000000000002836       0x5e /usr/lib/gcc/arm-none-eabi/4.9.3/armv6-m/libgcc.a(_dvmd_tls.o)

.debug_str      0x0000000000000000    0x11416
 .debug_str     0x0000000000000000      0x405 comm.o
                                        0x4c1 (size before relaxing)
 .debug_str     0x0000000000000405      0x763 HAL.o
                                        0x955 (size before relaxing)
 .debug_str     0x0000000000000b68      0x201 neuron.o
                                        0x452 (size before relaxing)
 .debug_str     0x0000000000000d69       0x64 main.o
                                        0x4ad (size before relaxing)
 .debug_str     0x0000000000000dcd     0x633b ../../libopencm3/lib/libopencm3_stm32l0.a(rcc.o)
                                       0x651a (size before relaxing)
 .debug_str     0x0000000000007108     0x6177 ../../libopencm3/lib/libopencm3_stm32l0.a(timer_common_all.o)
                                       0xc595 (size before relaxing)
 .debug_str     0x000000000000d27f     0x14ec ../../libopencm3/lib/libopencm3_stm32l0.a(gpio_common_all.o)
                                       0x51fd (size before relaxing)
 .debug_str     0x000000000000e76b       0x61 ../../libopencm3/lib/libopencm3_stm32l0.a(gpio_common_f0234.o)
                                       0x521f (size before relaxing)
 .debug_str     0x000000000000e7cc      0x11f ../../libopencm3/lib/libopencm3_stm32l0.a(rcc_common_all.o)
                                       0x683d (size before relaxing)
 .debug_str     0x000000000000e8eb      0xbb8 ../../libopencm3/lib/libopencm3_stm32l0.a(exti_common_all.o)
                                       0x5dc0 (size before relaxing)
 .debug_str     0x000000000000f4a3     0x12ef ../../libopencm3/lib/libopencm3_stm32l0.a(vector.o)
                                       0x4745 (size before relaxing)
 .debug_str     0x0000000000010792      0x2eb ../../libopencm3/lib/libopencm3_stm32l0.a(systick.o)
                                       0x37b2 (size before relaxing)
 .debug_str     0x0000000000010a7d      0x999 ../../libopencm3/lib/libopencm3_stm32l0.a(nvic.o)
                                       0x4252 (size before relaxing)

.comment        0x0000000000000000       0x38
 .comment       0x0000000000000000       0x38 comm.o
                                         0x39 (size before relaxing)
 .comment       0x0000000000000038       0x39 HAL.o
 .comment       0x0000000000000038       0x39 neuron.o
 .comment       0x0000000000000038       0x39 main.o
 .comment       0x0000000000000038       0x39 ../../libopencm3/lib/libopencm3_stm32l0.a(rcc.o)
 .comment       0x0000000000000038       0x39 ../../libopencm3/lib/libopencm3_stm32l0.a(timer_common_all.o)
 .comment       0x0000000000000038       0x39 ../../libopencm3/lib/libopencm3_stm32l0.a(gpio_common_all.o)
 .comment       0x0000000000000038       0x39 ../../libopencm3/lib/libopencm3_stm32l0.a(gpio_common_f0234.o)
 .comment       0x0000000000000038       0x39 ../../libopencm3/lib/libopencm3_stm32l0.a(rcc_common_all.o)
 .comment       0x0000000000000038       0x39 ../../libopencm3/lib/libopencm3_stm32l0.a(exti_common_all.o)
 .comment       0x0000000000000038       0x39 ../../libopencm3/lib/libopencm3_stm32l0.a(vector.o)
 .comment       0x0000000000000038       0x39 ../../libopencm3/lib/libopencm3_stm32l0.a(systick.o)
 .comment       0x0000000000000038       0x39 ../../libopencm3/lib/libopencm3_stm32l0.a(nvic.o)

.ARM.attributes
                0x0000000000000000       0x32
 .ARM.attributes
                0x0000000000000000       0x32 comm.o
 .ARM.attributes
                0x0000000000000032       0x32 HAL.o
 .ARM.attributes
                0x0000000000000064       0x32 neuron.o
 .ARM.attributes
                0x0000000000000096       0x32 main.o
 .ARM.attributes
                0x00000000000000c8       0x32 ../../libopencm3/lib/libopencm3_stm32l0.a(rcc.o)
 .ARM.attributes
                0x00000000000000fa       0x32 ../../libopencm3/lib/libopencm3_stm32l0.a(timer_common_all.o)
 .ARM.attributes
                0x000000000000012c       0x32 ../../libopencm3/lib/libopencm3_stm32l0.a(gpio_common_all.o)
 .ARM.attributes
                0x000000000000015e       0x32 ../../libopencm3/lib/libopencm3_stm32l0.a(gpio_common_f0234.o)
 .ARM.attributes
                0x0000000000000190       0x32 ../../libopencm3/lib/libopencm3_stm32l0.a(rcc_common_all.o)
 .ARM.attributes
                0x00000000000001c2       0x32 ../../libopencm3/lib/libopencm3_stm32l0.a(exti_common_all.o)
 .ARM.attributes
                0x00000000000001f4       0x32 ../../libopencm3/lib/libopencm3_stm32l0.a(vector.o)
 .ARM.attributes
                0x0000000000000226       0x32 ../../libopencm3/lib/libopencm3_stm32l0.a(systick.o)
 .ARM.attributes
                0x0000000000000258       0x32 ../../libopencm3/lib/libopencm3_stm32l0.a(nvic.o)
 .ARM.attributes
                0x000000000000028a       0x1e /usr/lib/gcc/arm-none-eabi/4.9.3/armv6-m/libgcc.a(_thumb1_case_sqi.o)
 .ARM.attributes
                0x00000000000002a8       0x1e /usr/lib/gcc/arm-none-eabi/4.9.3/armv6-m/libgcc.a(_thumb1_case_uqi.o)
 .ARM.attributes
                0x00000000000002c6       0x1e /usr/lib/gcc/arm-none-eabi/4.9.3/armv6-m/libgcc.a(_divsi3.o)
 .ARM.attributes
                0x00000000000002e4       0x1e /usr/lib/gcc/arm-none-eabi/4.9.3/armv6-m/libgcc.a(_dvmd_tls.o)

.debug_frame    0x0000000000000000      0xdd4
 .debug_frame   0x0000000000000000       0xc4 comm.o
 .debug_frame   0x00000000000000c4      0x170 HAL.o
 .debug_frame   0x0000000000000234       0xa4 neuron.o
 .debug_frame   0x00000000000002d8       0x34 main.o
 .debug_frame   0x000000000000030c      0x178 ../../libopencm3/lib/libopencm3_stm32l0.a(rcc.o)
 .debug_frame   0x0000000000000484      0x568 ../../libopencm3/lib/libopencm3_stm32l0.a(timer_common_all.o)
 .debug_frame   0x00000000000009ec       0x80 ../../libopencm3/lib/libopencm3_stm32l0.a(gpio_common_all.o)
 .debug_frame   0x0000000000000a6c       0x70 ../../libopencm3/lib/libopencm3_stm32l0.a(gpio_common_f0234.o)
 .debug_frame   0x0000000000000adc       0xc0 ../../libopencm3/lib/libopencm3_stm32l0.a(rcc_common_all.o)
 .debug_frame   0x0000000000000b9c       0x80 ../../libopencm3/lib/libopencm3_stm32l0.a(exti_common_all.o)
 .debug_frame   0x0000000000000c1c       0x40 ../../libopencm3/lib/libopencm3_stm32l0.a(vector.o)
 .debug_frame   0x0000000000000c5c       0xd8 ../../libopencm3/lib/libopencm3_stm32l0.a(systick.o)
 .debug_frame   0x0000000000000d34       0x80 ../../libopencm3/lib/libopencm3_stm32l0.a(nvic.o)
 .debug_frame   0x0000000000000db4       0x20 /usr/lib/gcc/arm-none-eabi/4.9.3/armv6-m/libgcc.a(_divsi3.o)

.debug_macro    0x0000000000000000     0x3cfd
 .debug_macro   0x0000000000000000       0xb5 ../../libopencm3/lib/libopencm3_stm32l0.a(rcc.o)
 .debug_macro   0x00000000000000b5      0x832 ../../libopencm3/lib/libopencm3_stm32l0.a(rcc.o)
 .debug_macro   0x00000000000008e7       0x22 ../../libopencm3/lib/libopencm3_stm32l0.a(rcc.o)
 .debug_macro   0x0000000000000909       0x44 ../../libopencm3/lib/libopencm3_stm32l0.a(rcc.o)
 .debug_macro   0x000000000000094d       0xe3 ../../libopencm3/lib/libopencm3_stm32l0.a(rcc.o)
 .debug_macro   0x0000000000000a30       0x22 ../../libopencm3/lib/libopencm3_stm32l0.a(rcc.o)
 .debug_macro   0x0000000000000a52      0x1df ../../libopencm3/lib/libopencm3_stm32l0.a(rcc.o)
 .debug_macro   0x0000000000000c31       0x22 ../../libopencm3/lib/libopencm3_stm32l0.a(rcc.o)
 .debug_macro   0x0000000000000c53       0xfa ../../libopencm3/lib/libopencm3_stm32l0.a(rcc.o)
 .debug_macro   0x0000000000000d4d       0x16 ../../libopencm3/lib/libopencm3_stm32l0.a(rcc.o)
 .debug_macro   0x0000000000000d63       0x34 ../../libopencm3/lib/libopencm3_stm32l0.a(rcc.o)
 .debug_macro   0x0000000000000d97      0x148 ../../libopencm3/lib/libopencm3_stm32l0.a(rcc.o)
 .debug_macro   0x0000000000000edf      0x922 ../../libopencm3/lib/libopencm3_stm32l0.a(rcc.o)
 .debug_macro   0x0000000000001801       0xce ../../libopencm3/lib/libopencm3_stm32l0.a(timer_common_all.o)
 .debug_macro   0x00000000000018cf      0xf4d ../../libopencm3/lib/libopencm3_stm32l0.a(timer_common_all.o)
 .debug_macro   0x000000000000281c      0x37a ../../libopencm3/lib/libopencm3_stm32l0.a(timer_common_all.o)
 .debug_macro   0x0000000000002b96       0xc8 ../../libopencm3/lib/libopencm3_stm32l0.a(gpio_common_all.o)
 .debug_macro   0x0000000000002c5e       0x76 ../../libopencm3/lib/libopencm3_stm32l0.a(gpio_common_all.o)
 .debug_macro   0x0000000000002cd4      0x2e6 ../../libopencm3/lib/libopencm3_stm32l0.a(gpio_common_all.o)
 .debug_macro   0x0000000000002fba      0x14e ../../libopencm3/lib/libopencm3_stm32l0.a(gpio_common_all.o)
 .debug_macro   0x0000000000003108       0x3a ../../libopencm3/lib/libopencm3_stm32l0.a(gpio_common_all.o)
 .debug_macro   0x0000000000003142       0xc8 ../../libopencm3/lib/libopencm3_stm32l0.a(gpio_common_f0234.o)
 .debug_macro   0x000000000000320a       0xc0 ../../libopencm3/lib/libopencm3_stm32l0.a(rcc_common_all.o)
 .debug_macro   0x00000000000032ca       0xec ../../libopencm3/lib/libopencm3_stm32l0.a(exti_common_all.o)
 .debug_macro   0x00000000000033b6      0x112 ../../libopencm3/lib/libopencm3_stm32l0.a(exti_common_all.o)
 .debug_macro   0x00000000000034c8      0x136 ../../libopencm3/lib/libopencm3_stm32l0.a(exti_common_all.o)
 .debug_macro   0x00000000000035fe       0xc1 ../../libopencm3/lib/libopencm3_stm32l0.a(vector.o)
 .debug_macro   0x00000000000036bf      0x1b1 ../../libopencm3/lib/libopencm3_stm32l0.a(vector.o)
 .debug_macro   0x0000000000003870       0x46 ../../libopencm3/lib/libopencm3_stm32l0.a(vector.o)
 .debug_macro   0x00000000000038b6       0xca ../../libopencm3/lib/libopencm3_stm32l0.a(vector.o)
 .debug_macro   0x0000000000003980       0x84 ../../libopencm3/lib/libopencm3_stm32l0.a(systick.o)
 .debug_macro   0x0000000000003a04       0x64 ../../libopencm3/lib/libopencm3_stm32l0.a(systick.o)
 .debug_macro   0x0000000000003a68       0xa5 ../../libopencm3/lib/libopencm3_stm32l0.a(nvic.o)
 .debug_macro   0x0000000000003b0d       0x40 ../../libopencm3/lib/libopencm3_stm32l0.a(nvic.o)
 .debug_macro   0x0000000000003b4d      0x1b0 ../../libopencm3/lib/libopencm3_stm32l0.a(nvic.o)
